Archive member included to satisfy reference by file (symbol)

..\..\..\..\..\..\..\Program Files (x86)\GNU Tools ARM Embedded\5.3 2016q1\arm-none-eabi\lib\armv7e-m\fpu\libm.a(lib_a-sf_atan.o)
                              ..\obj\l3gd20.o (atanf)
..\..\..\..\..\..\..\Program Files (x86)\GNU Tools ARM Embedded\5.3 2016q1\arm-none-eabi\lib\armv7e-m\fpu\libm.a(lib_a-sf_cos.o)
                              ..\obj\l3gd20.o (cosf)
..\..\..\..\..\..\..\Program Files (x86)\GNU Tools ARM Embedded\5.3 2016q1\arm-none-eabi\lib\armv7e-m\fpu\libm.a(lib_a-sf_fabs.o)
                              ..\..\..\..\..\..\..\Program Files (x86)\GNU Tools ARM Embedded\5.3 2016q1\arm-none-eabi\lib\armv7e-m\fpu\libm.a(lib_a-sf_atan.o) (fabsf)
..\..\..\..\..\..\..\Program Files (x86)\GNU Tools ARM Embedded\5.3 2016q1\arm-none-eabi\lib\armv7e-m\fpu\libm.a(lib_a-sf_sin.o)
                              ..\obj\l3gd20.o (sinf)
..\..\..\..\..\..\..\Program Files (x86)\GNU Tools ARM Embedded\5.3 2016q1\arm-none-eabi\lib\armv7e-m\fpu\libm.a(lib_a-w_log.o)
                              ..\obj\vbr.o (log)
..\..\..\..\..\..\..\Program Files (x86)\GNU Tools ARM Embedded\5.3 2016q1\arm-none-eabi\lib\armv7e-m\fpu\libm.a(lib_a-w_pow.o)
                              ..\obj\vbr.o (pow)
..\..\..\..\..\..\..\Program Files (x86)\GNU Tools ARM Embedded\5.3 2016q1\arm-none-eabi\lib\armv7e-m\fpu\libm.a(lib_a-wf_asin.o)
                              ..\obj\lsm303dlhc.o (asinf)
..\..\..\..\..\..\..\Program Files (x86)\GNU Tools ARM Embedded\5.3 2016q1\arm-none-eabi\lib\armv7e-m\fpu\libm.a(lib_a-wf_sqrt.o)
                              ..\obj\lsm303dlhc.o (sqrtf)
..\..\..\..\..\..\..\Program Files (x86)\GNU Tools ARM Embedded\5.3 2016q1\arm-none-eabi\lib\armv7e-m\fpu\libm.a(lib_a-e_log.o)
                              ..\..\..\..\..\..\..\Program Files (x86)\GNU Tools ARM Embedded\5.3 2016q1\arm-none-eabi\lib\armv7e-m\fpu\libm.a(lib_a-w_log.o) (__ieee754_log)
..\..\..\..\..\..\..\Program Files (x86)\GNU Tools ARM Embedded\5.3 2016q1\arm-none-eabi\lib\armv7e-m\fpu\libm.a(lib_a-e_pow.o)
                              ..\..\..\..\..\..\..\Program Files (x86)\GNU Tools ARM Embedded\5.3 2016q1\arm-none-eabi\lib\armv7e-m\fpu\libm.a(lib_a-w_pow.o) (__ieee754_pow)
..\..\..\..\..\..\..\Program Files (x86)\GNU Tools ARM Embedded\5.3 2016q1\arm-none-eabi\lib\armv7e-m\fpu\libm.a(lib_a-e_sqrt.o)
                              ..\..\..\..\..\..\..\Program Files (x86)\GNU Tools ARM Embedded\5.3 2016q1\arm-none-eabi\lib\armv7e-m\fpu\libm.a(lib_a-e_pow.o) (__ieee754_sqrt)
..\..\..\..\..\..\..\Program Files (x86)\GNU Tools ARM Embedded\5.3 2016q1\arm-none-eabi\lib\armv7e-m\fpu\libm.a(lib_a-ef_asin.o)
                              ..\..\..\..\..\..\..\Program Files (x86)\GNU Tools ARM Embedded\5.3 2016q1\arm-none-eabi\lib\armv7e-m\fpu\libm.a(lib_a-wf_asin.o) (__ieee754_asinf)
..\..\..\..\..\..\..\Program Files (x86)\GNU Tools ARM Embedded\5.3 2016q1\arm-none-eabi\lib\armv7e-m\fpu\libm.a(lib_a-ef_rem_pio2.o)
                              ..\..\..\..\..\..\..\Program Files (x86)\GNU Tools ARM Embedded\5.3 2016q1\arm-none-eabi\lib\armv7e-m\fpu\libm.a(lib_a-sf_cos.o) (__ieee754_rem_pio2f)
..\..\..\..\..\..\..\Program Files (x86)\GNU Tools ARM Embedded\5.3 2016q1\arm-none-eabi\lib\armv7e-m\fpu\libm.a(lib_a-ef_sqrt.o)
                              ..\..\..\..\..\..\..\Program Files (x86)\GNU Tools ARM Embedded\5.3 2016q1\arm-none-eabi\lib\armv7e-m\fpu\libm.a(lib_a-wf_sqrt.o) (__ieee754_sqrtf)
..\..\..\..\..\..\..\Program Files (x86)\GNU Tools ARM Embedded\5.3 2016q1\arm-none-eabi\lib\armv7e-m\fpu\libm.a(lib_a-kf_cos.o)
                              ..\..\..\..\..\..\..\Program Files (x86)\GNU Tools ARM Embedded\5.3 2016q1\arm-none-eabi\lib\armv7e-m\fpu\libm.a(lib_a-sf_cos.o) (__kernel_cosf)
..\..\..\..\..\..\..\Program Files (x86)\GNU Tools ARM Embedded\5.3 2016q1\arm-none-eabi\lib\armv7e-m\fpu\libm.a(lib_a-kf_rem_pio2.o)
                              ..\..\..\..\..\..\..\Program Files (x86)\GNU Tools ARM Embedded\5.3 2016q1\arm-none-eabi\lib\armv7e-m\fpu\libm.a(lib_a-ef_rem_pio2.o) (__kernel_rem_pio2f)
..\..\..\..\..\..\..\Program Files (x86)\GNU Tools ARM Embedded\5.3 2016q1\arm-none-eabi\lib\armv7e-m\fpu\libm.a(lib_a-kf_sin.o)
                              ..\..\..\..\..\..\..\Program Files (x86)\GNU Tools ARM Embedded\5.3 2016q1\arm-none-eabi\lib\armv7e-m\fpu\libm.a(lib_a-sf_cos.o) (__kernel_sinf)
..\..\..\..\..\..\..\Program Files (x86)\GNU Tools ARM Embedded\5.3 2016q1\arm-none-eabi\lib\armv7e-m\fpu\libm.a(lib_a-s_fabs.o)
                              ..\..\..\..\..\..\..\Program Files (x86)\GNU Tools ARM Embedded\5.3 2016q1\arm-none-eabi\lib\armv7e-m\fpu\libm.a(lib_a-e_pow.o) (fabs)
..\..\..\..\..\..\..\Program Files (x86)\GNU Tools ARM Embedded\5.3 2016q1\arm-none-eabi\lib\armv7e-m\fpu\libm.a(lib_a-s_finite.o)
                              ..\..\..\..\..\..\..\Program Files (x86)\GNU Tools ARM Embedded\5.3 2016q1\arm-none-eabi\lib\armv7e-m\fpu\libm.a(lib_a-w_pow.o) (finite)
[...]
Memory Configuration

Name             Origin             Length             Attributes
rom              0x08000000         0x00040000         xr
ram              0x20000000         0x0000a000         xrw
ram1             0x10000000         0x00002000         xrw
*default*        0x00000000         0xffffffff

Linker script and memory map

                0x2000a000                _eram = 0x2000a000

.text           0x08000000     0xec84
 *(.isr_vector)
 .isr_vector    0x08000000      0x188 ..\obj\startup_stm32f30x.o
                0x08000000                g_pfnVectors
 *(.text*)
 .text.IWDG_WriteAccessCmd
                0x08000188        0xc ..\obj\stm32f30x_iwdg.o
                0x08000188                IWDG_WriteAccessCmd
 .text.IWDG_SetPrescaler
                0x08000194        0xc ..\obj\stm32f30x_iwdg.o
                0x08000194                IWDG_SetPrescaler
 .text.IWDG_SetReload
                0x080001a0        0xc ..\obj\stm32f30x_iwdg.o
                0x080001a0                IWDG_SetReload
 .text.IWDG_ReloadCounter
                0x080001ac       0x10 ..\obj\stm32f30x_iwdg.o
                0x080001ac                IWDG_ReloadCounter
 .text.IWDG_Enable
                0x080001bc       0x10 ..\obj\stm32f30x_iwdg.o
                0x080001bc                IWDG_Enable
 .text.Standard_GetConfiguration
                0x080001cc       0x28 ..\obj\usb_core.o
                0x080001cc                Standard_GetConfiguration
 .text.Standard_GetInterface
                0x080001f4       0x28 ..\obj\usb_core.o
                0x080001f4                Standard_GetInterface
 .text.Standard_GetStatus
                0x0800021c       0x8c ..\obj\usb_core.o
                0x0800021c                Standard_GetStatus
 .text.DataStageIn
                0x080002a8       0xb0 ..\obj\usb_core.o
 .text.Standard_ClearFeature
                0x08000358       0xd0 ..\obj\usb_core.o
                0x08000358                Standard_ClearFeature
 .text.Standard_SetEndPointFeature
                0x08000428       0x90 ..\obj\usb_core.o
                0x08000428                Standard_SetEndPointFeature
 .text.Standard_GetDescriptorData
                0x080004b8       0x1c ..\obj\usb_core.o
                0x080004b8                Standard_GetDescriptorData
 .text.Setup0_Process
                0x080004d4      0x404 ..\obj\usb_core.o
                0x080004d4                Setup0_Process
 .text.In0_Process
                0x080008d8       0xc8 ..\obj\usb_core.o
                0x080008d8                In0_Process
 .text.Out0_Process
                0x080009a0      0x128 ..\obj\usb_core.o
                0x080009a0                Out0_Process
 .text.SetDeviceAddress
                0x08000ac8       0x40 ..\obj\usb_core.o
                0x08000ac8                SetDeviceAddress
 .text.NOP_Process
                0x08000b08        0x4 ..\obj\usb_core.o
                0x08000b08                NOP_Process
 *fill*         0x08000b0c        0x4 
 .text.LSM303DLHC_resultAnalyse
                0x08000b10      0x35c ..\obj\lsm303dlhc.o
                0x08000b10                LSM303DLHC_resultAnalyse
 .text.LSM303DLHC_Task
                0x08000e6c      0x11c ..\obj\lsm303dlhc.o
                0x08000e6c                LSM303DLHC_Task
 .text.LSM303DLHC_initParameters
                0x08000f88       0xa4 ..\obj\lsm303dlhc.o
                0x08000f88                LSM303DLHC_initParameters
 .text.SPI_INIT
                0x0800102c      0x104 ..\obj\spi.o
                0x0800102c                SPI_INIT
 .text.SPI1_IRQHandler
                0x08001130       0x2c ..\obj\spi.o
                0x08001130                SPI1_IRQHandler
 .text.SPI_writeData
                0x0800115c       0x70 ..\obj\spi.o
                0x0800115c                SPI_writeData
 .text.I2C_init
                0x080011cc       0xb8 ..\obj\i2c.o
                0x080011cc                I2C_init
 .text.I2C_connectToSlave_Write
                0x08001284       0x30 ..\obj\i2c.o
                0x08001284                I2C_connectToSlave_Write
 .text.I2C_connectToSlave_Read
                0x080012b4       0x2c ..\obj\i2c.o
                0x080012b4                I2C_connectToSlave_Read
 .text.I2C1_EV_IRQHandler
                0x080012e0        0x4 ..\obj\i2c.o
                0x080012e0                I2C1_EV_IRQHandler
 .text.I2C_writeByte
                0x080012e4       0xa8 ..\obj\i2c.o
                0x080012e4                I2C_writeByte
 .text.RCC_DeInit
                0x0800138c       0x54 ..\obj\stm32f30x_rcc.o
                0x0800138c                RCC_DeInit
 .text.RCC_HSEConfig
                0x080013e0       0x10 ..\obj\stm32f30x_rcc.o
                0x080013e0                RCC_HSEConfig
 .text.RCC_LSICmd
                0x080013f0        0xc ..\obj\stm32f30x_rcc.o
                0x080013f0                RCC_LSICmd
 .text.RCC_PLLConfig
                0x080013fc       0x18 ..\obj\stm32f30x_rcc.o
                0x080013fc                RCC_PLLConfig
 .text.RCC_PLLCmd
                0x08001414        0xc ..\obj\stm32f30x_rcc.o
                0x08001414                RCC_PLLCmd
 .text.RCC_PREDIV1Config
                0x08001420       0x14 ..\obj\stm32f30x_rcc.o
                0x08001420                RCC_PREDIV1Config
 .text.RCC_SYSCLKConfig
                0x08001434       0x14 ..\obj\stm32f30x_rcc.o
                0x08001434                RCC_SYSCLKConfig
 .text.RCC_HCLKConfig
                0x08001448       0x14 ..\obj\stm32f30x_rcc.o
                0x08001448                RCC_HCLKConfig
 .text.RCC_PCLK1Config
                0x0800145c       0x14 ..\obj\stm32f30x_rcc.o
                0x0800145c                RCC_PCLK1Config
 .text.RCC_PCLK2Config
                0x08001470       0x14 ..\obj\stm32f30x_rcc.o
                0x08001470                RCC_PCLK2Config
 .text.RCC_GetClocksFreq
                0x08001484      0x298 ..\obj\stm32f30x_rcc.o
                0x08001484                RCC_GetClocksFreq
 .text.RCC_ADCCLKConfig
                0x0800171c       0x20 ..\obj\stm32f30x_rcc.o
                0x0800171c                RCC_ADCCLKConfig
 .text.RCC_I2CCLKConfig
                0x0800173c       0x20 ..\obj\stm32f30x_rcc.o
                0x0800173c                RCC_I2CCLKConfig
 .text.RCC_USBCLKConfig
                0x0800175c        0xc ..\obj\stm32f30x_rcc.o
                0x0800175c                RCC_USBCLKConfig
 .text.RCC_RTCCLKConfig
                0x08001768       0x10 ..\obj\stm32f30x_rcc.o
                0x08001768                RCC_RTCCLKConfig
 .text.RCC_RTCCLKCmd
                0x08001778        0xc ..\obj\stm32f30x_rcc.o
                0x08001778                RCC_RTCCLKCmd
 .text.RCC_AHBPeriphClockCmd
                0x08001784       0x1c ..\obj\stm32f30x_rcc.o
                0x08001784                RCC_AHBPeriphClockCmd
 .text.RCC_APB2PeriphClockCmd
                0x080017a0       0x1c ..\obj\stm32f30x_rcc.o
                0x080017a0                RCC_APB2PeriphClockCmd
 .text.RCC_APB1PeriphClockCmd
                0x080017bc       0x1c ..\obj\stm32f30x_rcc.o
                0x080017bc                RCC_APB1PeriphClockCmd
 .text.RCC_APB1PeriphResetCmd
                0x080017d8       0x1c ..\obj\stm32f30x_rcc.o
                0x080017d8                RCC_APB1PeriphResetCmd
 .text.FLASH_Unlock
                0x080017f4       0x20 ..\obj\stm32f30x_flash.o
                0x080017f4                FLASH_Unlock
 .text.FLASH_Lock
                0x08001814       0x10 ..\obj\stm32f30x_flash.o
                0x08001814                FLASH_Lock
 .text.FLASH_ErasePage
                0x08001824       0xdc ..\obj\stm32f30x_flash.o
                0x08001824                FLASH_ErasePage
 .text.FLASH_ProgramWord
                0x08001900      0x12c ..\obj\stm32f30x_flash.o
                0x08001900                FLASH_ProgramWord
 .text.Flash_Write
                0x08001a2c       0x24 ..\obj\flash.o
                0x08001a2c                Flash_Write
 .text.FLASH_Read
                0x08001a50        0xc ..\obj\flash.o
                0x08001a50                FLASH_Read
 .text.SystemInit
                0x08001a5c      0x110 ..\obj\system_stm32f30x.o
                0x08001a5c                SystemInit
 .text.ADC_Init
                0x08001b6c       0x40 ..\obj\stm32f30x_adc.o
                0x08001b6c                ADC_Init
 .text.ADC_StructInit
                0x08001bac       0x18 ..\obj\stm32f30x_adc.o
                0x08001bac                ADC_StructInit
 .text.ADC_Cmd  0x08001bc4       0x14 ..\obj\stm32f30x_adc.o
                0x08001bc4                ADC_Cmd
 .text.ADC_StartCalibration
                0x08001bd8        0xc ..\obj\stm32f30x_adc.o
                0x08001bd8                ADC_StartCalibration
 .text.ADC_GetCalibrationStatus
                0x08001be4        0x8 ..\obj\stm32f30x_adc.o
                0x08001be4                ADC_GetCalibrationStatus
 .text.ADC_RegularChannelConfig
                0x08001bec       0xc4 ..\obj\stm32f30x_adc.o
                0x08001bec                ADC_RegularChannelConfig
 .text.ADC_StartConversion
                0x08001cb0        0xc ..\obj\stm32f30x_adc.o
                0x08001cb0                ADC_StartConversion
 .text.ADC_DMACmd
                0x08001cbc       0x14 ..\obj\stm32f30x_adc.o
                0x08001cbc                ADC_DMACmd
 .text.ADC_DMAConfig
                0x08001cd0       0x10 ..\obj\stm32f30x_adc.o
                0x08001cd0                ADC_DMAConfig
 .text.ADC_ITConfig
                0x08001ce0       0x14 ..\obj\stm32f30x_adc.o
                0x08001ce0                ADC_ITConfig
 .text.ADC_ClearITPendingBit
                0x08001cf4        0x8 ..\obj\stm32f30x_adc.o
                0x08001cf4                ADC_ClearITPendingBit
 .text.CTR_LP   0x08001cfc      0x17c ..\obj\usb_int.o
                0x08001cfc                CTR_LP
 .text.STM_EVAL_PBInit
                0x08001e78       0xa8 ..\obj\stm32303c_eval.o
                0x08001e78                STM_EVAL_PBInit
 .text.CalmanFilter_Result
                0x08001f20      0x298 ..\obj\calmanFilter.o
                0x08001f20                CalmanFilter_Result
 .text.CalmanFilter_InitParameters
                0x080021b8       0x24 ..\obj\calmanFilter.o
                0x080021b8                CalmanFilter_InitParameters
 .text.SetISTR  0x080021dc        0xc ..\obj\usb_regs.o
                0x080021dc                SetISTR
 .text.SetBTABLE
                0x080021e8       0x10 ..\obj\usb_regs.o
                0x080021e8                SetBTABLE
 .text.SetEPType
                0x080021f8       0x1c ..\obj\usb_regs.o
                0x080021f8                SetEPType
 .text.SetEPTxStatus
                0x08002214       0x34 ..\obj\usb_regs.o
                0x08002214                SetEPTxStatus
 .text.SetEPRxStatus
                0x08002248       0x34 ..\obj\usb_regs.o
                0x08002248                SetEPRxStatus
 .text.SetEPTxValid
                0x0800227c       0x28 ..\obj\usb_regs.o
                0x0800227c                SetEPTxValid
 .text.SetEPRxValid
                0x080022a4       0x28 ..\obj\usb_regs.o
                0x080022a4                SetEPRxValid
 .text.Clear_Status_Out
                0x080022cc       0x20 ..\obj\usb_regs.o
                0x080022cc                Clear_Status_Out
 .text.ClearDTOG_RX
                0x080022ec       0x24 ..\obj\usb_regs.o
                0x080022ec                ClearDTOG_RX
 .text.ClearDTOG_TX
                0x08002310       0x24 ..\obj\usb_regs.o
                0x08002310                ClearDTOG_TX
 .text.SetEPTxAddr
                0x08002334       0x20 ..\obj\usb_regs.o
                0x08002334                SetEPTxAddr
 .text.SetEPRxAddr
                0x08002354       0x20 ..\obj\usb_regs.o
                0x08002354                SetEPRxAddr
 .text.GetEPTxAddr
                0x08002374       0x20 ..\obj\usb_regs.o
                0x08002374                GetEPTxAddr
 .text.GetEPRxAddr
                0x08002394       0x20 ..\obj\usb_regs.o
                0x08002394                GetEPRxAddr
 .text.SetEPTxCount
                0x080023b4       0x1c ..\obj\usb_regs.o
                0x080023b4                SetEPTxCount
 .text.SetEPRxCount
                0x080023d0       0x44 ..\obj\usb_regs.o
                0x080023d0                SetEPRxCount
 .text.ByteSwap
                0x08002414        0xc ..\obj\usb_regs.o
                0x08002414                ByteSwap
 .text.Set_System
                0x08002420       0xb8 ..\obj\hw_config.o
                0x08002420                Set_System
 .text.Set_USBClock
                0x080024d8       0x18 ..\obj\hw_config.o
                0x080024d8                Set_USBClock
 .text.USB_Interrupts_Config
                0x080024f0       0x40 ..\obj\hw_config.o
                0x080024f0                USB_Interrupts_Config
 .text.USB_Cable_Config
                0x08002530       0x18 ..\obj\hw_config.o
                0x08002530                USB_Cable_Config
 .text.Joystick_Send
                0x08002548       0x38 ..\obj\hw_config.o
                0x08002548                Joystick_Send
 .text.GamePad_Send
                0x08002580       0x20 ..\obj\hw_config.o
                0x08002580                GamePad_Send
 .text.Get_SerialNum
                0x080025a0      0x114 ..\obj\hw_config.o
                0x080025a0                Get_SerialNum
 .text.Joystick_SetConfiguration
                0x080026b4       0x18 ..\obj\usb_prop.o
                0x080026b4                Joystick_SetConfiguration
 .text.Joystick_SetDeviceAddress
                0x080026cc        0xc ..\obj\usb_prop.o
                0x080026cc                Joystick_SetDeviceAddress
 .text.Joystick_Status_Out
                0x080026d8        0x4 ..\obj\usb_prop.o
                0x080026d8                Joystick_Status_Out
 .text.Joystick_Data_Setup
                0x080026dc       0x58 ..\obj\usb_prop.o
                0x080026dc                Joystick_Data_Setup
 .text.GamePad_Data_Setup
                0x08002734       0x58 ..\obj\usb_prop.o
                0x08002734                GamePad_Data_Setup
 .text.Joystick_NoData_Setup
                0x0800278c       0x28 ..\obj\usb_prop.o
                0x0800278c                Joystick_NoData_Setup
 .text.Joystick_Get_Interface_Setting
                0x080027b4       0x10 ..\obj\usb_prop.o
                0x080027b4                Joystick_Get_Interface_Setting
 .text.Joystick_GetProtocolValue
                0x080027c4       0x18 ..\obj\usb_prop.o
                0x080027c4                Joystick_GetProtocolValue
 .text.Joystick_init
                0x080027dc       0x24 ..\obj\usb_prop.o
                0x080027dc                Joystick_init
 .text.Joystick_Reset
                0x08002800       0x9c ..\obj\usb_prop.o
                0x08002800                Joystick_Reset
 .text.Joystick_GetDeviceDescriptor
                0x0800289c        0xc ..\obj\usb_prop.o
                0x0800289c                Joystick_GetDeviceDescriptor
 .text.Joystick_GetConfigDescriptor
                0x080028a8        0xc ..\obj\usb_prop.o
                0x080028a8                Joystick_GetConfigDescriptor
 .text.GamePad_GetConfigDescriptor
                0x080028b4        0xc ..\obj\usb_prop.o
                0x080028b4                GamePad_GetConfigDescriptor
 .text.Joystick_GetStringDescriptor
                0x080028c0       0x20 ..\obj\usb_prop.o
                0x080028c0                Joystick_GetStringDescriptor
 .text.Joystick_GetReportDescriptor
                0x080028e0        0xc ..\obj\usb_prop.o
                0x080028e0                Joystick_GetReportDescriptor
 .text.GamePad_GetReportDescriptor
                0x080028ec        0xc ..\obj\usb_prop.o
                0x080028ec                GamePad_GetReportDescriptor
 .text.Joystick_GetHIDDescriptor
                0x080028f8        0xc ..\obj\usb_prop.o
                0x080028f8                Joystick_GetHIDDescriptor
 .text.Joystick_Status_In
                0x08002904        0x4 ..\obj\usb_prop.o
                0x08002904                Joystick_Status_In
 .text.GPIO_Init
                0x08002908       0xb8 ..\obj\stm32f30x_gpio.o
                0x08002908                GPIO_Init
 .text.GPIO_ReadInputDataBit
                0x080029c0        0xc ..\obj\stm32f30x_gpio.o
                0x080029c0                GPIO_ReadInputDataBit
 .text.GPIO_SetBits
                0x080029cc        0x4 ..\obj\stm32f30x_gpio.o
                0x080029cc                GPIO_SetBits
 .text.GPIO_ResetBits
                0x080029d0        0x4 ..\obj\stm32f30x_gpio.o
                0x080029d0                GPIO_ResetBits
 .text.GPIO_Write
                0x080029d4        0x4 ..\obj\stm32f30x_gpio.o
                0x080029d4                GPIO_Write
 .text.GPIO_PinAFConfig
                0x080029d8       0x2c ..\obj\stm32f30x_gpio.o
                0x080029d8                GPIO_PinAFConfig
 .text.PowerOn  0x08002a04       0x38 ..\obj\usb_pwr.o
                0x08002a04                PowerOn
 .text.Suspend  0x08002a3c       0xe4 ..\obj\usb_pwr.o
                0x08002a3c                Suspend
 .text.Resume   0x08002b20       0xd8 ..\obj\usb_pwr.o
                0x08002b20                Resume
 .text.USB_Init
                0x08002bf8       0x50 ..\obj\usb_init.o
                0x08002bf8                USB_Init
 .text.ButtonScan_Task
                0x08002c48       0x44 ..\obj\main.o
                0x08002c48                ButtonScan_Task
 .text.IWatchDogReload_Task
                0x08002c8c        0x8 ..\obj\main.o
                0x08002c8c                IWatchDogReload_Task
 .text.startup.main
                0x08002c94      0x2b4 ..\obj\main.o
                0x08002c94                main
 .text.L3GD20_LEDS
                0x08002f48       0x9c ..\obj\main.o
                0x08002f48                L3GD20_LEDS
 .text.Result_Task
                0x08002fe4      0x36c ..\obj\main.o
                0x08002fe4                Result_Task
 .text.vApplicationIdleHook
                0x08003350        0x4 ..\obj\main.o
                0x08003350                vApplicationIdleHook
 .text.vApplicationMallocFailedHook
                0x08003354        0x4 ..\obj\main.o
                0x08003354                vApplicationMallocFailedHook
 .text.vApplicationStackOverflowHook
                0x08003358        0x4 ..\obj\main.o
                0x08003358                vApplicationStackOverflowHook
 .text.vApplicationTickHook
                0x0800335c        0x4 ..\obj\main.o
                0x0800335c                vApplicationTickHook
 .text.DMA_Init
                0x08003360       0x40 ..\obj\stm32f30x_dma.o
                0x08003360                DMA_Init
 .text.DMA_Cmd  0x080033a0       0x18 ..\obj\stm32f30x_dma.o
                0x080033a0                DMA_Cmd
 .text.DMA_ITConfig
                0x080033b8       0x14 ..\obj\stm32f30x_dma.o
                0x080033b8                DMA_ITConfig
 .text.DMA_GetITStatus
                0x080033cc       0x1c ..\obj\stm32f30x_dma.o
                0x080033cc                DMA_GetITStatus
 .text.DMA_ClearITPendingBit
                0x080033e8       0x14 ..\obj\stm32f30x_dma.o
                0x080033e8                DMA_ClearITPendingBit
 .text.GPIO_init
                0x080033fc       0xa0 ..\obj\GPIO.o
                0x080033fc                GPIO_init
 .text.GPIO_ADC_init
                0x0800349c       0x28 ..\obj\GPIO.o
                0x0800349c                GPIO_ADC_init
 .text.GPIO_lcd1602_init
                0x080034c4       0x3c ..\obj\GPIO.o
                0x080034c4                GPIO_lcd1602_init
 .text.EXTI0_IRQHandler
                0x08003500       0x4c ..\obj\GPIO.o
                0x08003500                EXTI0_IRQHandler
 .text.prvSwitchTimerLists
                0x0800354c       0x94 ..\obj\timers.o
 .text.prvTimerTask
                0x080035e0      0x25c ..\obj\timers.o
 .text.xTimerCreateTimerTask
                0x0800383c       0x88 ..\obj\timers.o
                0x0800383c                xTimerCreateTimerTask
 .text.xTimerCreate
                0x080038c4       0xa8 ..\obj\timers.o
                0x080038c4                xTimerCreate
 .text.xTimerGenericCommand
                0x0800396c       0x68 ..\obj\timers.o
                0x0800396c                xTimerGenericCommand
 .text.TimerFunction_one_shot
                0x080039d4       0x3c ..\obj\programTimer.o
                0x080039d4                TimerFunction_one_shot
 .text.StartMeasurement
                0x08003a10       0x2c ..\obj\programTimer.o
                0x08003a10                StartMeasurement
 *fill*         0x08003a3c        0x4 
 .text.L3GD20_solveAngles
                0x08003a40      0x3d0 ..\obj\l3gd20.o
                0x08003a40                L3GD20_solveAngles
 .text.L3GD20_resultAnalyse
                0x08003e10      0x14c ..\obj\l3gd20.o
                0x08003e10                L3GD20_resultAnalyse
 .text.L3GD20_Task
                0x08003f5c       0xac ..\obj\l3gd20.o
                0x08003f5c                L3GD20_Task
 .text.L3GD20_initParameters
                0x08004008       0x60 ..\obj\l3gd20.o
                0x08004008                L3GD20_initParameters
 .text.prvIdleTask
                0x08004068       0x5c ..\obj\tasks.o
 .text.prvAddCurrentTaskToDelayedList
                0x080040c4       0x8c ..\obj\tasks.o
 .text.xTaskCreate
                0x08004150      0x1f8 ..\obj\tasks.o
                0x08004150                xTaskCreate
 .text.vTaskDelete
                0x08004348       0xec ..\obj\tasks.o
                0x08004348                vTaskDelete
 .text.vTaskStartScheduler
                0x08004434      0x1cc ..\obj\tasks.o
                0x08004434                vTaskStartScheduler
 .text.vTaskSuspendAll
                0x08004600       0x14 ..\obj\tasks.o
                0x08004600                vTaskSuspendAll
 .text.xTaskGetTickCount
                0x08004614        0xc ..\obj\tasks.o
                0x08004614                xTaskGetTickCount
 .text.xTaskIncrementTick
                0x08004620      0x148 ..\obj\tasks.o
                0x08004620                xTaskIncrementTick
 .text.xTaskResumeAll
                0x08004768      0x100 ..\obj\tasks.o
                0x08004768                xTaskResumeAll
 .text.vTaskDelay
                0x08004868       0x50 ..\obj\tasks.o
                0x08004868                vTaskDelay
 .text.vTaskSwitchContext
                0x080048b8       0x9c ..\obj\tasks.o
                0x080048b8                vTaskSwitchContext
 .text.vTaskPlaceOnEventList
                0x08004954       0xa4 ..\obj\tasks.o
                0x08004954                vTaskPlaceOnEventList
 .text.vTaskPlaceOnEventListRestricted
                0x080049f8       0xc0 ..\obj\tasks.o
                0x080049f8                vTaskPlaceOnEventListRestricted
 .text.xTaskRemoveFromEventList
                0x08004ab8       0x7c ..\obj\tasks.o
                0x08004ab8                xTaskRemoveFromEventList
 .text.vTaskInternalSetTimeOutState
                0x08004b34       0x14 ..\obj\tasks.o
                0x08004b34                vTaskInternalSetTimeOutState
 .text.xTaskCheckForTimeOut
                0x08004b48       0x94 ..\obj\tasks.o
                0x08004b48                xTaskCheckForTimeOut
 .text.vTaskMissedYield
                0x08004bdc       0x10 ..\obj\tasks.o
                0x08004bdc                vTaskMissedYield
 .text.xTaskGetSchedulerState
                0x08004bec       0x20 ..\obj\tasks.o
                0x08004bec                xTaskGetSchedulerState
 .text.xTaskPriorityInherit
                0x08004c0c       0xbc ..\obj\tasks.o
                0x08004c0c                xTaskPriorityInherit
 .text.xTaskPriorityDisinherit
                0x08004cc8       0xb0 ..\obj\tasks.o
                0x08004cc8                xTaskPriorityDisinherit
 .text.vTaskPriorityDisinheritAfterTimeout
                0x08004d78       0xc8 ..\obj\tasks.o
                0x08004d78                vTaskPriorityDisinheritAfterTimeout
 .text.pvTaskIncrementMutexHeldCount
                0x08004e40       0x1c ..\obj\tasks.o
                0x08004e40                pvTaskIncrementMutexHeldCount
 .text.EXTI_Init
                0x08004e5c      0x110 ..\obj\stm32f30x_exti.o
                0x08004e5c                EXTI_Init
 .text.EXTI_ClearFlag
                0x08004f6c       0x18 ..\obj\stm32f30x_exti.o
                0x08004f6c                EXTI_ClearFlag
 .text.EXTI_GetITStatus
                0x08004f84       0x28 ..\obj\stm32f30x_exti.o
                0x08004f84                EXTI_GetITStatus
 .text.EXTI_ClearITPendingBit
                0x08004fac       0x18 ..\obj\stm32f30x_exti.o
                0x08004fac                EXTI_ClearITPendingBit
 .text.SPI_Init
                0x08004fc4       0x8c ..\obj\stm32f30x_spi.o
                0x08004fc4                SPI_Init
 .text.SPI_Cmd  0x08005050       0x1c ..\obj\stm32f30x_spi.o
                0x08005050                SPI_Cmd
 .text.SPI_RxFIFOThresholdConfig
                0x0800506c       0x18 ..\obj\stm32f30x_spi.o
                0x0800506c                SPI_RxFIFOThresholdConfig
 .text.SPI_SendData8
                0x08005084        0x4 ..\obj\stm32f30x_spi.o
                0x08005084                SPI_SendData8
 .text.SPI_ReceiveData8
                0x08005088        0x4 ..\obj\stm32f30x_spi.o
                0x08005088                SPI_ReceiveData8
 .text.SPI_I2S_DMACmd
                0x0800508c       0x14 ..\obj\stm32f30x_spi.o
                0x0800508c                SPI_I2S_DMACmd
 .text.SPI_I2S_ITConfig
                0x080050a0       0x20 ..\obj\stm32f30x_spi.o
                0x080050a0                SPI_I2S_ITConfig
 .text.SPI_I2S_GetFlagStatus
                0x080050c0        0xc ..\obj\stm32f30x_spi.o
                0x080050c0                SPI_I2S_GetFlagStatus
 .text.SPI_I2S_ClearFlag
                0x080050cc        0x8 ..\obj\stm32f30x_spi.o
                0x080050cc                SPI_I2S_ClearFlag
 .text.I2C_DeInit
                0x080050d4       0x3c ..\obj\stm32f30x_i2c.o
                0x080050d4                I2C_DeInit
 .text.I2C_Init
                0x08005110       0x64 ..\obj\stm32f30x_i2c.o
                0x08005110                I2C_Init
 .text.I2C_Cmd  0x08005174       0x14 ..\obj\stm32f30x_i2c.o
                0x08005174                I2C_Cmd
 .text.I2C_ITConfig
                0x08005188       0x14 ..\obj\stm32f30x_i2c.o
                0x08005188                I2C_ITConfig
 .text.I2C_GenerateSTOP
                0x0800519c       0x14 ..\obj\stm32f30x_i2c.o
                0x0800519c                I2C_GenerateSTOP
 .text.I2C_TransferHandling
                0x080051b0       0x24 ..\obj\stm32f30x_i2c.o
                0x080051b0                I2C_TransferHandling
 .text.I2C_SendData
                0x080051d4        0x4 ..\obj\stm32f30x_i2c.o
                0x080051d4                I2C_SendData
 .text.I2C_DMACmd
                0x080051d8       0x14 ..\obj\stm32f30x_i2c.o
                0x080051d8                I2C_DMACmd
 .text.I2C_GetFlagStatus
                0x080051ec        0xc ..\obj\stm32f30x_i2c.o
                0x080051ec                I2C_GetFlagStatus
 .text.I2C_ClearFlag
                0x080051f8        0x4 ..\obj\stm32f30x_i2c.o
                0x080051f8                I2C_ClearFlag
 .text.USB_SIL_Init
                0x080051fc       0x28 ..\obj\usb_sil.o
                0x080051fc                USB_SIL_Init
 .text.USB_SIL_Write
                0x08005224       0x28 ..\obj\usb_sil.o
                0x08005224                USB_SIL_Write
 .text.vListInitialise
                0x0800524c       0x18 ..\obj\list.o
                0x0800524c                vListInitialise
 .text.vListInitialiseItem
                0x08005264        0x8 ..\obj\list.o
                0x08005264                vListInitialiseItem
 .text.vListInsertEnd
                0x0800526c       0x20 ..\obj\list.o
                0x0800526c                vListInsertEnd
 .text.vListInsert
                0x0800528c       0x34 ..\obj\list.o
                0x0800528c                vListInsert
 .text.uxListRemove
                0x080052c0       0x28 ..\obj\list.o
                0x080052c0                uxListRemove
 .text.NVIC_PriorityGroupConfig
                0x080052e8       0x14 ..\obj\stm32f30x_misc.o
                0x080052e8                NVIC_PriorityGroupConfig
 .text.NVIC_Init
                0x080052fc       0x6c ..\obj\stm32f30x_misc.o
                0x080052fc                NVIC_Init
 .text.TIM_TimeBaseInit
                0x08005368       0xa8 ..\obj\stm32f30x_tim.o
                0x08005368                TIM_TimeBaseInit
 .text.TIM_Cmd  0x08005410       0x1c ..\obj\stm32f30x_tim.o
                0x08005410                TIM_Cmd
 .text.TIM_ClearITPendingBit
                0x0800542c        0x8 ..\obj\stm32f30x_tim.o
                0x0800542c                TIM_ClearITPendingBit
 .text.TIM_SelectOutputTrigger
                0x08005434       0x14 ..\obj\stm32f30x_tim.o
                0x08005434                TIM_SelectOutputTrigger
 .text.ADC_init
                0x08005448       0xd4 ..\obj\adc.o
                0x08005448                ADC_init
 .text.ADC1_2_IRQHandler
                0x0800551c       0x50 ..\obj\adc.o
                0x0800551c                ADC1_2_IRQHandler
 .text.ADCResult_Task
                0x0800556c       0x50 ..\obj\adc.o
                0x0800556c                ADCResult_Task
 .text.prvTaskExitError
                0x080055bc       0x40 ..\obj\port.o
 .text.unlikely.prvPortStartFirstTask
                0x080055fc       0x28 ..\obj\port.o
 .text.unlikely.vPortEnableVFP
                0x08005624       0x14 ..\obj\port.o
 .text.pxPortInitialiseStack
                0x08005638       0x2c ..\obj\port.o
                0x08005638                pxPortInitialiseStack
 *fill*         0x08005664        0xc 
 .text.SVC_Handler
                0x08005670       0x24 ..\obj\port.o
                0x08005670                SVC_Handler
 .text.vPortEnterCritical
                0x08005694       0x44 ..\obj\port.o
                0x08005694                vPortEnterCritical
 .text.vPortExitCritical
                0x080056d8       0x28 ..\obj\port.o
                0x080056d8                vPortExitCritical
 .text.PendSV_Handler
                0x08005700       0x64 ..\obj\port.o
                0x08005700                PendSV_Handler
 .text.SysTick_Handler
                0x08005764       0x2c ..\obj\port.o
                0x08005764                SysTick_Handler
 .text.vPortSetupTimerInterrupt
                0x08005790       0x3c ..\obj\port.o
                0x08005790                vPortSetupTimerInterrupt
 .text.xPortStartScheduler
                0x080057cc      0x10c ..\obj\port.o
                0x080057cc                xPortStartScheduler
 .text.vPortValidateInterruptPriority
                0x080058d8       0x58 ..\obj\port.o
                0x080058d8                vPortValidateInterruptPriority
 .text.unlikely.prvCopyDataToQueue
                0x08005930       0x74 ..\obj\queue.o
 .text.unlikely.prvCopyDataFromQueue
                0x080059a4       0x28 ..\obj\queue.o
 .text.prvUnlockQueue
                0x080059cc       0x94 ..\obj\queue.o
 .text.xQueueGenericCreate
                0x08005a60       0x80 ..\obj\queue.o
                0x08005a60                xQueueGenericCreate
 .text.xQueueCreateCountingSemaphore
                0x08005ae0       0x3c ..\obj\queue.o
                0x08005ae0                xQueueCreateCountingSemaphore
 .text.xQueueGenericSend
                0x08005b1c      0x2ac ..\obj\queue.o
                0x08005b1c                xQueueGenericSend
 .text.xQueueGenericSendFromISR
                0x08005dc8       0xc8 ..\obj\queue.o
                0x08005dc8                xQueueGenericSendFromISR
 .text.xQueueGiveFromISR
                0x08005e90       0xac ..\obj\queue.o
                0x08005e90                xQueueGiveFromISR
 .text.xQueueReceive
                0x08005f3c      0x30c ..\obj\queue.o
                0x08005f3c                xQueueReceive
 .text.xQueueSemaphoreTake
                0x08006248      0x2bc ..\obj\queue.o
                0x08006248                xQueueSemaphoreTake
 .text.vQueueAddToRegistry
                0x08006504       0x58 ..\obj\queue.o
                0x08006504                vQueueAddToRegistry
 .text.vQueueWaitForMessageRestricted
                0x0800655c       0xcc ..\obj\queue.o
                0x0800655c                vQueueWaitForMessageRestricted
 .text.NMI_Handler
                0x08006628        0x4 ..\obj\stm32_it.o
                0x08006628                NMI_Handler
 .text.HardFault_Handler
                0x0800662c        0x4 ..\obj\stm32_it.o
                0x0800662c                HardFault_Handler
 .text.MemManage_Handler
                0x08006630        0x4 ..\obj\stm32_it.o
                0x08006630                MemManage_Handler
 .text.BusFault_Handler
                0x08006634        0x4 ..\obj\stm32_it.o
                0x08006634                BusFault_Handler
 .text.UsageFault_Handler
                0x08006638        0x4 ..\obj\stm32_it.o
                0x08006638                UsageFault_Handler
 .text.DebugMon_Handler
                0x0800663c        0x4 ..\obj\stm32_it.o
                0x0800663c                DebugMon_Handler
 .text.USB_LP_CAN1_RX0_IRQHandler
                0x08006640        0x4 ..\obj\stm32_it.o
                0x08006640                USB_LP_CAN1_RX0_IRQHandler
 .text.EXTI9_5_IRQHandler
                0x08006644       0x40 ..\obj\stm32_it.o
                0x08006644                EXTI9_5_IRQHandler
 .text.USBWakeUp_IRQHandler
                0x08006684        0x8 ..\obj\stm32_it.o
                0x08006684                USBWakeUp_IRQHandler
 .text.LCD1602_SendCommand
                0x0800668c       0x90 ..\obj\lcd1602.o
                0x0800668c                LCD1602_SendCommand
 .text.LCD1602_Init
                0x0800671c      0x14c ..\obj\lcd1602.o
                0x0800671c                LCD1602_Init
 .text.LCD1602_Task
                0x08006868     0x14bc ..\obj\lcd1602.o
                0x08006868                LCD1602_Task
 .text.SetClockSettings
                0x08007d24       0x74 ..\obj\clocking.o
                0x08007d24                SetClockSettings
 .text.EP1_IN_Callback
                0x08007d98        0xc ..\obj\usb_endp.o
                0x08007d98                EP1_IN_Callback
 .text.Reset_Handler
                0x08007da4       0x44 ..\obj\startup_stm32f30x.o
                0x08007da4                Reset_Handler
 .text.Default_Handler
                0x08007de8        0x2 ..\obj\startup_stm32f30x.o
                0x08007de8                RTC_Alarm_IRQHandler
                0x08007de8                TIM8_TRG_COM_IRQHandler
                0x08007de8                TIM8_CC_IRQHandler
                0x08007de8                TIM1_CC_IRQHandler
                0x08007de8                USB_HP_IRQHandler
                0x08007de8                PVD_IRQHandler
                0x08007de8                EXTI3_IRQHandler
                0x08007de8                I2C2_EV_IRQHandler
                0x08007de8                FPU_IRQHandler
                0x08007de8                EXTI2_TS_IRQHandler
                0x08007de8                TIM1_UP_TIM16_IRQHandler
                0x08007de8                TIM8_UP_IRQHandler
                0x08007de8                DMA2_Channel2_IRQHandler
                0x08007de8                USART3_IRQHandler
                0x08007de8                CAN1_RX1_IRQHandler
                0x08007de8                UART5_IRQHandler
                0x08007de8                ADC3_IRQHandler
                0x08007de8                TIM4_IRQHandler
                0x08007de8                DMA2_Channel1_IRQHandler
                0x08007de8                DMA1_Channel6_IRQHandler
                0x08007de8                UART4_IRQHandler
                0x08007de8                DMA2_Channel4_IRQHandler
                0x08007de8                TIM3_IRQHandler
                0x08007de8                RCC_IRQHandler
                0x08007de8                Default_Handler
                0x08007de8                USBWakeUp_RMP_IRQHandler
                0x08007de8                EXTI15_10_IRQHandler
                0x08007de8                TIM7_IRQHandler
                0x08007de8                TAMPER_STAMP_IRQHandler
                0x08007de8                RTC_WKUP_IRQHandler
                0x08007de8                SPI2_IRQHandler
                0x08007de8                DMA1_Channel5_IRQHandler
                0x08007de8                USB_LP_IRQHandler
                0x08007de8                EXTI4_IRQHandler
                0x08007de8                TIM1_TRG_COM_TIM17_IRQHandler
                0x08007de8                USB_HP_CAN1_TX_IRQHandler
                0x08007de8                DMA1_Channel3_IRQHandler
                0x08007de8                ADC4_IRQHandler
                0x08007de8                WWDG_IRQHandler
                0x08007de8                TIM2_IRQHandler
                0x08007de8                COMP7_IRQHandler
                0x08007de8                COMP1_2_3_IRQHandler
                0x08007de8                EXTI1_IRQHandler
                0x08007de8                USART2_IRQHandler
                0x08007de8                COMP4_5_6_IRQHandler
                0x08007de8                I2C2_ER_IRQHandler
                0x08007de8                TIM8_BRK_IRQHandler
                0x08007de8                CAN1_SCE_IRQHandler
                0x08007de8                FLASH_IRQHandler
                0x08007de8                USART1_IRQHandler
                0x08007de8                SPI3_IRQHandler
                0x08007de8                I2C1_ER_IRQHandler
                0x08007de8                TIM1_BRK_TIM15_IRQHandler
 *fill*         0x08007dea        0x2 
 .text.UART4_init
                0x08007dec       0x88 ..\obj\uart4.o
                0x08007dec                UART4_init
 .text.SendToUART4
                0x08007e74       0x94 ..\obj\uart4.o
                0x08007e74                SendToUART4
 .text.SYSCFG_EXTILineConfig
                0x08007f08       0x30 ..\obj\stm32f30x_syscfg.o
                0x08007f08                SYSCFG_EXTILineConfig
 .text.TIM6_init
                0x08007f38       0x40 ..\obj\tim6.o
                0x08007f38                TIM6_init
 .text.TIM6_DAC_IRQHandler
                0x08007f78        0xc ..\obj\tim6.o
                0x08007f78                TIM6_DAC_IRQHandler
 .text.Init_IWatchDog
                0x08007f84       0x30 ..\obj\iwatchdog.o
                0x08007f84                Init_IWatchDog
 .text.IWatchDog_Change
                0x08007fb4       0x2c ..\obj\iwatchdog.o
                0x08007fb4                IWatchDog_Change
 .text.UserToPMABufferCopy
                0x08007fe0       0x28 ..\obj\usb_mem.o
                0x08007fe0                UserToPMABufferCopy
 .text.PMAToUserBufferCopy
                0x08008008       0x20 ..\obj\usb_mem.o
                0x08008008                PMAToUserBufferCopy
 .text.DMA_initChannel1
                0x08008028       0x7c ..\obj\dma.o
                0x08008028                DMA_initChannel1
 .text.DMA_initChannel2
                0x080080a4       0x74 ..\obj\dma.o
                0x080080a4                DMA_initChannel2
 .text.DMA_initChannel7
                0x08008118       0x74 ..\obj\dma.o
                0x08008118                DMA_initChannel7
 .text.DMA1_Channel1_IRQHandler
                0x0800818c       0x5c ..\obj\dma.o
                0x0800818c                DMA1_Channel1_IRQHandler
 .text.DMA1_Channel2_IRQHandler
                0x080081e8       0x24 ..\obj\dma.o
                0x080081e8                DMA1_Channel2_IRQHandler
 .text.DMA1_Channel4_IRQHandler
                0x0800820c       0x1c ..\obj\dma.o
                0x0800820c                DMA1_Channel4_IRQHandler
 .text.DMA1_Channel7_IRQHandler
                0x08008228       0x28 ..\obj\dma.o
                0x08008228                DMA1_Channel7_IRQHandler
 .text.DMA2_Channel3_IRQHandler
                0x08008250       0x1c ..\obj\dma.o
                0x08008250                DMA2_Channel3_IRQHandler
 .text.DMA2_Channel5_IRQHandler
                0x0800826c       0x1c ..\obj\dma.o
                0x0800826c                DMA2_Channel5_IRQHandler
 .text.pvPortMalloc
                0x08008288       0xc4 ..\obj\heap_2.o
                0x08008288                pvPortMalloc
 .text.vPortFree
                0x0800834c       0x40 ..\obj\heap_2.o
                0x0800834c                vPortFree
 .text.USB_Istr
                0x0800838c      0x1dc ..\obj\usb_istr.o
                0x0800838c                USB_Istr
 .text.USART_Init
                0x08008568       0xbc ..\obj\stm32f30x_usart.o
                0x08008568                USART_Init
 .text.USART_StructInit
                0x08008624       0x18 ..\obj\stm32f30x_usart.o
                0x08008624                USART_StructInit
 .text.USART_Cmd
                0x0800863c       0x14 ..\obj\stm32f30x_usart.o
                0x0800863c                USART_Cmd
 .text.USART_SendData
                0x08008650        0x8 ..\obj\stm32f30x_usart.o
                0x08008650                USART_SendData
 .text.USART_DMACmd
                0x08008658       0x14 ..\obj\stm32f30x_usart.o
                0x08008658                USART_DMACmd
 .text.USART_GetFlagStatus
                0x0800866c        0xc ..\obj\stm32f30x_usart.o
                0x0800866c                USART_GetFlagStatus
 .text.atanf    0x08008678      0x1b8 ..\..\..\..\..\..\..\Program Files (x86)\GNU Tools ARM Embedded\5.3 2016q1\arm-none-eabi\lib\armv7e-m\fpu\libm.a(lib_a-sf_atan.o)
                0x08008678                atanf
 .text.cosf     0x08008830       0x90 ..\..\..\..\..\..\..\Program Files (x86)\GNU Tools ARM Embedded\5.3 2016q1\arm-none-eabi\lib\armv7e-m\fpu\libm.a(lib_a-sf_cos.o)
                0x08008830                cosf
 .text.fabsf    0x080088c0       0x10 ..\..\..\..\..\..\..\Program Files (x86)\GNU Tools ARM Embedded\5.3 2016q1\arm-none-eabi\lib\armv7e-m\fpu\libm.a(lib_a-sf_fabs.o)
                0x080088c0                fabsf
 .text.sinf     0x080088d0       0x94 ..\..\..\..\..\..\..\Program Files (x86)\GNU Tools ARM Embedded\5.3 2016q1\arm-none-eabi\lib\armv7e-m\fpu\libm.a(lib_a-sf_sin.o)
                0x080088d0                sinf
 .text.asinf    0x08008964       0xc0 ..\..\..\..\..\..\..\Program Files (x86)\GNU Tools ARM Embedded\5.3 2016q1\arm-none-eabi\lib\armv7e-m\fpu\libm.a(lib_a-wf_asin.o)
                0x08008964                asinf
 .text.sqrtf    0x08008a24       0xac ..\..\..\..\..\..\..\Program Files (x86)\GNU Tools ARM Embedded\5.3 2016q1\arm-none-eabi\lib\armv7e-m\fpu\libm.a(lib_a-wf_sqrt.o)
                0x08008a24                sqrtf
 .text.__ieee754_asinf
                0x08008ad0      0x1f8 ..\..\..\..\..\..\..\Program Files (x86)\GNU Tools ARM Embedded\5.3 2016q1\arm-none-eabi\lib\armv7e-m\fpu\libm.a(lib_a-ef_asin.o)
                0x08008ad0                __ieee754_asinf
 .text.__ieee754_rem_pio2f
                0x08008cc8      0x298 ..\..\..\..\..\..\..\Program Files (x86)\GNU Tools ARM Embedded\5.3 2016q1\arm-none-eabi\lib\armv7e-m\fpu\libm.a(lib_a-ef_rem_pio2.o)
                0x08008cc8                __ieee754_rem_pio2f
 .text.__ieee754_sqrtf
                0x08008f60       0xa4 ..\..\..\..\..\..\..\Program Files (x86)\GNU Tools ARM Embedded\5.3 2016q1\arm-none-eabi\lib\armv7e-m\fpu\libm.a(lib_a-ef_sqrt.o)
                0x08008f60                __ieee754_sqrtf
 .text.__kernel_cosf
                0x08009004      0x104 ..\..\..\..\..\..\..\Program Files (x86)\GNU Tools ARM Embedded\5.3 2016q1\arm-none-eabi\lib\armv7e-m\fpu\libm.a(lib_a-kf_cos.o)
                0x08009004                __kernel_cosf
 .text.__kernel_rem_pio2f
                0x08009108      0x628 ..\..\..\..\..\..\..\Program Files (x86)\GNU Tools ARM Embedded\5.3 2016q1\arm-none-eabi\lib\armv7e-m\fpu\libm.a(lib_a-kf_rem_pio2.o)
                0x08009108                __kernel_rem_pio2f
 .text.__kernel_sinf
                0x08009730       0x90 ..\..\..\..\..\..\..\Program Files (x86)\GNU Tools ARM Embedded\5.3 2016q1\arm-none-eabi\lib\armv7e-m\fpu\libm.a(lib_a-kf_sin.o)
                0x08009730                __kernel_sinf
 .text.matherr  0x080097c0        0x4 ..\..\..\..\..\..\..\Program Files (x86)\GNU Tools ARM Embedded\5.3 2016q1\arm-none-eabi\lib\armv7e-m\fpu\libm.a(lib_a-s_matherr.o)
                0x080097c0                matherr
 *fill*         0x080097c4        0x4 
 .text.nan      0x080097c8       0x10 ..\..\..\..\..\..\..\Program Files (x86)\GNU Tools ARM Embedded\5.3 2016q1\arm-none-eabi\lib\armv7e-m\fpu\libm.a(lib_a-s_nan.o)
                0x080097c8                nan
 .text.floorf   0x080097d8       0x90 ..\..\..\..\..\..\..\Program Files (x86)\GNU Tools ARM Embedded\5.3 2016q1\arm-none-eabi\lib\armv7e-m\fpu\libm.a(lib_a-sf_floor.o)
                0x080097d8                floorf
 .text.scalbnf  0x08009868       0xd0 ..\..\..\..\..\..\..\Program Files (x86)\GNU Tools ARM Embedded\5.3 2016q1\arm-none-eabi\lib\armv7e-m\fpu\libm.a(lib_a-sf_scalbn.o)
                0x08009868                scalbnf
 .text.copysignf
                0x08009938       0x18 ..\..\..\..\..\..\..\Program Files (x86)\GNU Tools ARM Embedded\5.3 2016q1\arm-none-eabi\lib\armv7e-m\fpu\libm.a(lib_a-sf_copysign.o)
                0x08009938                copysignf
 .text._calloc_r
                0x08009950       0x60 ..\..\..\..\..\..\..\Program Files (x86)\GNU Tools ARM Embedded\5.3 2016q1\arm-none-eabi\lib\armv7e-m\fpu\libc.a(lib_a-callocr.o)
                0x08009950                _calloc_r
 .text.__errno  0x080099b0        0xc ..\..\..\..\..\..\..\Program Files (x86)\GNU Tools ARM Embedded\5.3 2016q1\arm-none-eabi\lib\armv7e-m\fpu\libc.a(lib_a-errno.o)
                0x080099b0                __errno
 .text._malloc_r
                0x080099bc      0x570 ..\..\..\..\..\..\..\Program Files (x86)\GNU Tools ARM Embedded\5.3 2016q1\arm-none-eabi\lib\armv7e-m\fpu\libc.a(lib_a-mallocr.o)
                0x080099bc                _malloc_r
 .text          0x08009f2c      0x134 ..\..\..\..\..\..\..\Program Files (x86)\GNU Tools ARM Embedded\5.3 2016q1\arm-none-eabi\lib\armv7e-m\fpu\libc.a(lib_a-memcpy.o)
                0x08009f2c                memcpy
 .text.memmove  0x0800a060       0xc8 ..\..\..\..\..\..\..\Program Files (x86)\GNU Tools ARM Embedded\5.3 2016q1\arm-none-eabi\lib\armv7e-m\fpu\libc.a(lib_a-memmove.o)
                0x0800a060                memmove
 .text.memset   0x0800a128       0x9c ..\..\..\..\..\..\..\Program Files (x86)\GNU Tools ARM Embedded\5.3 2016q1\arm-none-eabi\lib\armv7e-m\fpu\libc.a(lib_a-memset.o)
                0x0800a128                memset
 .text.__malloc_lock
                0x0800a1c4        0x4 ..\..\..\..\..\..\..\Program Files (x86)\GNU Tools ARM Embedded\5.3 2016q1\arm-none-eabi\lib\armv7e-m\fpu\libc.a(lib_a-mlock.o)
                0x0800a1c4                __malloc_lock
 .text.__malloc_unlock
                0x0800a1c8        0x4 ..\..\..\..\..\..\..\Program Files (x86)\GNU Tools ARM Embedded\5.3 2016q1\arm-none-eabi\lib\armv7e-m\fpu\libc.a(lib_a-mlock.o)
                0x0800a1c8                __malloc_unlock
 .text._realloc_r
                0x0800a1cc      0x3e0 ..\..\..\..\..\..\..\Program Files (x86)\GNU Tools ARM Embedded\5.3 2016q1\arm-none-eabi\lib\armv7e-m\fpu\libc.a(lib_a-reallocr.o)
                0x0800a1cc                _realloc_r
 .text._sbrk_r  0x0800a5ac       0x24 ..\..\..\..\..\..\..\Program Files (x86)\GNU Tools ARM Embedded\5.3 2016q1\arm-none-eabi\lib\armv7e-m\fpu\libc.a(lib_a-sbrkr.o)
                0x0800a5ac                _sbrk_r
 .text.sprintf  0x0800a5d0       0x4c ..\..\..\..\..\..\..\Program Files (x86)\GNU Tools ARM Embedded\5.3 2016q1\arm-none-eabi\lib\armv7e-m\fpu\libc.a(lib_a-sprintf.o)
                0x0800a5d0                sprintf
 *fill*         0x0800a61c        0x4 
 .text._svfprintf_r
                0x0800a620     0x16d0 ..\..\..\..\..\..\..\Program Files (x86)\GNU Tools ARM Embedded\5.3 2016q1\arm-none-eabi\lib\armv7e-m\fpu\libc.a(lib_a-svfprintf.o)
                0x0800a620                _svfprintf_r
 .text.quorem   0x0800bcf0      0x128 ..\..\..\..\..\..\..\Program Files (x86)\GNU Tools ARM Embedded\5.3 2016q1\arm-none-eabi\lib\armv7e-m\fpu\libc.a(lib_a-dtoa.o)
 .text._dtoa_r  0x0800be18      0xe34 ..\..\..\..\..\..\..\Program Files (x86)\GNU Tools ARM Embedded\5.3 2016q1\arm-none-eabi\lib\armv7e-m\fpu\libc.a(lib_a-dtoa.o)
                0x0800be18                _dtoa_r
 .text._malloc_trim_r
                0x0800cc4c       0x9c ..\..\..\..\..\..\..\Program Files (x86)\GNU Tools ARM Embedded\5.3 2016q1\arm-none-eabi\lib\armv7e-m\fpu\libc.a(lib_a-freer.o)
                0x0800cc4c                _malloc_trim_r
 .text._free_r  0x0800cce8      0x1d0 ..\..\..\..\..\..\..\Program Files (x86)\GNU Tools ARM Embedded\5.3 2016q1\arm-none-eabi\lib\armv7e-m\fpu\libc.a(lib_a-freer.o)
                0x0800cce8                _free_r
 .text._localeconv_r
                0x0800ceb8        0x8 ..\..\..\..\..\..\..\Program Files (x86)\GNU Tools ARM Embedded\5.3 2016q1\arm-none-eabi\lib\armv7e-m\fpu\libc.a(lib_a-locale.o)
                0x0800ceb8                _localeconv_r
 .text          0x0800cec0       0xa0 ..\..\..\..\..\..\..\Program Files (x86)\GNU Tools ARM Embedded\5.3 2016q1\arm-none-eabi\lib\armv7e-m\fpu\libc.a(lib_a-memchr.o)
                0x0800cec0                memchr
 .text._Balloc  0x0800cf60       0x4c ..\..\..\..\..\..\..\Program Files (x86)\GNU Tools ARM Embedded\5.3 2016q1\arm-none-eabi\lib\armv7e-m\fpu\libc.a(lib_a-mprec.o)
                0x0800cf60                _Balloc
 .text._Bfree   0x0800cfac       0x14 ..\..\..\..\..\..\..\Program Files (x86)\GNU Tools ARM Embedded\5.3 2016q1\arm-none-eabi\lib\armv7e-m\fpu\libc.a(lib_a-mprec.o)
                0x0800cfac                _Bfree
 .text.__multadd
                0x0800cfc0       0x80 ..\..\..\..\..\..\..\Program Files (x86)\GNU Tools ARM Embedded\5.3 2016q1\arm-none-eabi\lib\armv7e-m\fpu\libc.a(lib_a-mprec.o)
                0x0800cfc0                __multadd
 .text.__hi0bits
                0x0800d040       0x40 ..\..\..\..\..\..\..\Program Files (x86)\GNU Tools ARM Embedded\5.3 2016q1\arm-none-eabi\lib\armv7e-m\fpu\libc.a(lib_a-mprec.o)
                0x0800d040                __hi0bits
 .text.__lo0bits
                0x0800d080       0x5c ..\..\..\..\..\..\..\Program Files (x86)\GNU Tools ARM Embedded\5.3 2016q1\arm-none-eabi\lib\armv7e-m\fpu\libc.a(lib_a-mprec.o)
                0x0800d080                __lo0bits
 .text.__i2b    0x0800d0dc       0x14 ..\..\..\..\..\..\..\Program Files (x86)\GNU Tools ARM Embedded\5.3 2016q1\arm-none-eabi\lib\armv7e-m\fpu\libc.a(lib_a-mprec.o)
                0x0800d0dc                __i2b
 .text.__multiply
                0x0800d0f0      0x130 ..\..\..\..\..\..\..\Program Files (x86)\GNU Tools ARM Embedded\5.3 2016q1\arm-none-eabi\lib\armv7e-m\fpu\libc.a(lib_a-mprec.o)
                0x0800d0f0                __multiply
 .text.__pow5mult
                0x0800d220       0xa0 ..\..\..\..\..\..\..\Program Files (x86)\GNU Tools ARM Embedded\5.3 2016q1\arm-none-eabi\lib\armv7e-m\fpu\libc.a(lib_a-mprec.o)
                0x0800d220                __pow5mult
 .text.__lshift
                0x0800d2c0       0xb0 ..\..\..\..\..\..\..\Program Files (x86)\GNU Tools ARM Embedded\5.3 2016q1\arm-none-eabi\lib\armv7e-m\fpu\libc.a(lib_a-mprec.o)
                0x0800d2c0                __lshift
 .text.__mcmp   0x0800d370       0x44 ..\..\..\..\..\..\..\Program Files (x86)\GNU Tools ARM Embedded\5.3 2016q1\arm-none-eabi\lib\armv7e-m\fpu\libc.a(lib_a-mprec.o)
                0x0800d370                __mcmp
 .text.__mdiff  0x0800d3b4      0x114 ..\..\..\..\..\..\..\Program Files (x86)\GNU Tools ARM Embedded\5.3 2016q1\arm-none-eabi\lib\armv7e-m\fpu\libc.a(lib_a-mprec.o)
                0x0800d3b4                __mdiff
 .text.__d2b    0x0800d4c8       0xbc ..\..\..\..\..\..\..\Program Files (x86)\GNU Tools ARM Embedded\5.3 2016q1\arm-none-eabi\lib\armv7e-m\fpu\libc.a(lib_a-mprec.o)
                0x0800d4c8                __d2b
 *fill*         0x0800d584       0x3c 
 .text          0x0800d5c0       0xdc ..\..\..\..\..\..\..\Program Files (x86)\GNU Tools ARM Embedded\5.3 2016q1\arm-none-eabi\lib\armv7e-m\fpu\libc.a(lib_a-strlen.o)
                0x0800d5c0                strlen
 .text.__ssprint_r
                0x0800d69c      0x100 ..\..\..\..\..\..\..\Program Files (x86)\GNU Tools ARM Embedded\5.3 2016q1\arm-none-eabi\lib\armv7e-m\fpu\libc.a(lib_a-svfiprintf.o)
                0x0800d69c                __ssprint_r
 .text._sbrk    0x0800d79c       0x1c ..\..\..\..\..\..\..\Program Files (x86)\GNU Tools ARM Embedded\5.3 2016q1\arm-none-eabi\lib\armv7e-m\fpu\libnosys.a(sbrk.o)
                0x0800d79c                _sbrk
 .text          0x0800d7b8      0x370 c:/program files (x86)/gnu tools arm embedded/5.3 2016q1/bin/../lib/gcc/arm-none-eabi/5.3.1/armv7e-m/fpu\libgcc.a(_arm_addsubdf3.o)
                0x0800d7b8                __aeabi_drsub
                0x0800d7c0                __aeabi_dsub
                0x0800d7c0                __subdf3
                0x0800d7c4                __aeabi_dadd
                0x0800d7c4                __adddf3
                0x0800da3c                __floatunsidf
                0x0800da3c                __aeabi_ui2d
                0x0800da5c                __floatsidf
                0x0800da5c                __aeabi_i2d
                0x0800da80                __aeabi_f2d
                0x0800da80                __extendsfdf2
                0x0800dabc                __floatundidf
                0x0800dabc                __aeabi_ul2d
                0x0800dacc                __floatdidf
                0x0800dacc                __aeabi_l2d
 .text          0x0800db28      0x424 c:/program files (x86)/gnu tools arm embedded/5.3 2016q1/bin/../lib/gcc/arm-none-eabi/5.3.1/armv7e-m/fpu\libgcc.a(_arm_muldivdf3.o)
                0x0800db28                __aeabi_dmul
                0x0800db28                __muldf3
                0x0800dd7c                __divdf3
                0x0800dd7c                __aeabi_ddiv
 .text          0x0800df4c      0x110 c:/program files (x86)/gnu tools arm embedded/5.3 2016q1/bin/../lib/gcc/arm-none-eabi/5.3.1/armv7e-m/fpu\libgcc.a(_arm_cmpdf2.o)
                0x0800df4c                __gtdf2
                0x0800df4c                __gedf2
                0x0800df54                __ltdf2
                0x0800df54                __ledf2
                0x0800df5c                __nedf2
                0x0800df5c                __eqdf2
                0x0800df5c                __cmpdf2
                0x0800dfd8                __aeabi_cdrcmple
                0x0800dfe8                __aeabi_cdcmpeq
                0x0800dfe8                __aeabi_cdcmple
                0x0800dff8                __aeabi_dcmpeq
                0x0800e00c                __aeabi_dcmplt
                0x0800e020                __aeabi_dcmple
                0x0800e034                __aeabi_dcmpge
                0x0800e048                __aeabi_dcmpgt
 .text          0x0800e05c       0x2c c:/program files (x86)/gnu tools arm embedded/5.3 2016q1/bin/../lib/gcc/arm-none-eabi/5.3.1/armv7e-m/fpu\libgcc.a(_arm_unorddf2.o)
                0x0800e05c                __unorddf2
                0x0800e05c                __aeabi_dcmpun
 .text          0x0800e088       0x50 c:/program files (x86)/gnu tools arm embedded/5.3 2016q1/bin/../lib/gcc/arm-none-eabi/5.3.1/armv7e-m/fpu\libgcc.a(_arm_fixdfsi.o)
                0x0800e088                __aeabi_d2iz
                0x0800e088                __fixdfsi
 .text          0x0800e0d8       0xa0 c:/program files (x86)/gnu tools arm embedded/5.3 2016q1/bin/../lib/gcc/arm-none-eabi/5.3.1/armv7e-m/fpu\libgcc.a(_arm_truncdfsf2.o)
                0x0800e0d8                __truncdfsf2
                0x0800e0d8                __aeabi_d2f
 .text          0x0800e178       0x30 c:/program files (x86)/gnu tools arm embedded/5.3 2016q1/bin/../lib/gcc/arm-none-eabi/5.3.1/armv7e-m/fpu\libgcc.a(_aeabi_uldivmod.o)
                0x0800e178                __aeabi_uldivmod
 .text          0x0800e1a8      0x2e4 c:/program files (x86)/gnu tools arm embedded/5.3 2016q1/bin/../lib/gcc/arm-none-eabi/5.3.1/armv7e-m/fpu\libgcc.a(_udivmoddi4.o)
                0x0800e1a8                __udivmoddi4
 .text          0x0800e48c        0x4 c:/program files (x86)/gnu tools arm embedded/5.3 2016q1/bin/../lib/gcc/arm-none-eabi/5.3.1/armv7e-m/fpu\libgcc.a(_dvmd_tls.o)
                0x0800e48c                __aeabi_idiv0
                0x0800e48c                __aeabi_ldiv0
 *(.init)
 *(.fini)
 *crtbegin.o(.ctors)
 *crtbegin?.o(.ctors)
 *(EXCLUDE_FILE(*crtend.o *crtend?.o) .ctors)
 *(SORT(.ctors.*))
 *(.ctors)
 *crtbegin.o(.dtors)
 *crtbegin?.o(.dtors)
 *(EXCLUDE_FILE(*crtend.o *crtend?.o) .dtors)
 *(SORT(.dtors.*))
 *(.dtors)
 *(.rodata*)
 .rodata        0x0800e490       0x84 ..\obj\stm32303c_eval.o
                0x0800e490                GPIO_CLK
                0x0800e4a0                GPIO_PIN
                0x0800e4a8                BUTTON_CLK
                0x0800e4c0                BUTTON_PIN
                0x0800e4cc                BUTTON_PIN_SOURCE
                0x0800e4d4                BUTTON_PORT_SOURCE
                0x0800e4dc                BUTTON_EXTI_LINE
                0x0800e4e8                BUTTON_IRQn
                0x0800e4f0                COM_RX_AF
                0x0800e4f4                COM_TX_AF
                0x0800e4f8                COM_RX_PIN_SOURCE
                0x0800e4fc                COM_TX_PIN_SOURCE
                0x0800e500                COM_RX_PIN
                0x0800e504                COM_TX_PIN
                0x0800e508                COM_RX_PORT_CLK
                0x0800e50c                COM_TX_PORT_CLK
                0x0800e510                COM_USART_CLK
 .rodata        0x0800e514      0x10e ..\obj\usb_desc.o
                0x0800e514                Joystick_StringProduct
                0x0800e534                Joystick_StringVendor
                0x0800e55c                Joystick_StringLangID
                0x0800e560                GamePad_ReportDescriptor
                0x0800e598                Joystick_ReportDescriptor
                0x0800e5c8                GamePad_ConfigDescriptor
                0x0800e5ec                Joystick_ConfigDescriptor
                0x0800e610                Joystick_DeviceDescriptor
 *fill*         0x0800e622        0x2 
 .rodata.str1.4
                0x0800e624       0x89 ..\obj\main.o
 *fill*         0x0800e6ad        0x3 
 .rodata.str1.4
                0x0800e6b0       0x10 ..\obj\timers.o
 .rodata.str1.4
                0x0800e6c0       0x44 ..\obj\lcd1602.o
 .rodata.atanlo
                0x0800e704       0x10 ..\..\..\..\..\..\..\Program Files (x86)\GNU Tools ARM Embedded\5.3 2016q1\arm-none-eabi\lib\armv7e-m\fpu\libm.a(lib_a-sf_atan.o)
 .rodata.atanhi
                0x0800e714       0x10 ..\..\..\..\..\..\..\Program Files (x86)\GNU Tools ARM Embedded\5.3 2016q1\arm-none-eabi\lib\armv7e-m\fpu\libm.a(lib_a-sf_atan.o)
 .rodata.str1.4
                0x0800e724        0x6 ..\..\..\..\..\..\..\Program Files (x86)\GNU Tools ARM Embedded\5.3 2016q1\arm-none-eabi\lib\armv7e-m\fpu\libm.a(lib_a-wf_asin.o)
                                  0x9 (size before relaxing)
 *fill*         0x0800e72a        0x2 
 .rodata.str1.4
                0x0800e72c        0x6 ..\..\..\..\..\..\..\Program Files (x86)\GNU Tools ARM Embedded\5.3 2016q1\arm-none-eabi\lib\armv7e-m\fpu\libm.a(lib_a-wf_sqrt.o)
 *fill*         0x0800e732        0x2 
 .rodata.npio2_hw
                0x0800e734       0x80 ..\..\..\..\..\..\..\Program Files (x86)\GNU Tools ARM Embedded\5.3 2016q1\arm-none-eabi\lib\armv7e-m\fpu\libm.a(lib_a-ef_rem_pio2.o)
 .rodata.two_over_pi
                0x0800e7b4      0x318 ..\..\..\..\..\..\..\Program Files (x86)\GNU Tools ARM Embedded\5.3 2016q1\arm-none-eabi\lib\armv7e-m\fpu\libm.a(lib_a-ef_rem_pio2.o)
 .rodata.init_jk
                0x0800eacc        0xc ..\..\..\..\..\..\..\Program Files (x86)\GNU Tools ARM Embedded\5.3 2016q1\arm-none-eabi\lib\armv7e-m\fpu\libm.a(lib_a-kf_rem_pio2.o)
 .rodata.PIo2   0x0800ead8       0x2c ..\..\..\..\..\..\..\Program Files (x86)\GNU Tools ARM Embedded\5.3 2016q1\arm-none-eabi\lib\armv7e-m\fpu\libm.a(lib_a-kf_rem_pio2.o)
 .rodata.str1.4
                0x0800eb04        0x2 ..\..\..\..\..\..\..\Program Files (x86)\GNU Tools ARM Embedded\5.3 2016q1\arm-none-eabi\lib\armv7e-m\fpu\libc.a(lib_a-impure.o)
 *fill*         0x0800eb06        0x2 
 .rodata.zeroes.7037
                0x0800eb08       0x10 ..\..\..\..\..\..\..\Program Files (x86)\GNU Tools ARM Embedded\5.3 2016q1\arm-none-eabi\lib\armv7e-m\fpu\libc.a(lib_a-svfprintf.o)
 .rodata.str1.4
                0x0800eb18       0x42 ..\..\..\..\..\..\..\Program Files (x86)\GNU Tools ARM Embedded\5.3 2016q1\arm-none-eabi\lib\armv7e-m\fpu\libc.a(lib_a-svfprintf.o)
 *fill*         0x0800eb5a        0x2 
 .rodata.blanks.7036
                0x0800eb5c       0x10 ..\..\..\..\..\..\..\Program Files (x86)\GNU Tools ARM Embedded\5.3 2016q1\arm-none-eabi\lib\armv7e-m\fpu\libc.a(lib_a-svfprintf.o)
 .rodata.str1.4
                0x0800eb6c       0x10 ..\..\..\..\..\..\..\Program Files (x86)\GNU Tools ARM Embedded\5.3 2016q1\arm-none-eabi\lib\armv7e-m\fpu\libc.a(lib_a-dtoa.o)
                                 0x12 (size before relaxing)
 .rodata.str1.4
                0x0800eb7c        0xc ..\..\..\..\..\..\..\Program Files (x86)\GNU Tools ARM Embedded\5.3 2016q1\arm-none-eabi\lib\armv7e-m\fpu\libc.a(lib_a-locale.o)
                                 0x12 (size before relaxing)
 .rodata.__mprec_tens
                0x0800eb88       0xc8 ..\..\..\..\..\..\..\Program Files (x86)\GNU Tools ARM Embedded\5.3 2016q1\arm-none-eabi\lib\armv7e-m\fpu\libc.a(lib_a-mprec.o)
                0x0800eb88                __mprec_tens
 .rodata.__mprec_bigtens
                0x0800ec50       0x28 ..\..\..\..\..\..\..\Program Files (x86)\GNU Tools ARM Embedded\5.3 2016q1\arm-none-eabi\lib\armv7e-m\fpu\libc.a(lib_a-mprec.o)
                0x0800ec50                __mprec_bigtens
 .rodata.p05.5375
                0x0800ec78        0xc ..\..\..\..\..\..\..\Program Files (x86)\GNU Tools ARM Embedded\5.3 2016q1\arm-none-eabi\lib\armv7e-m\fpu\libc.a(lib_a-mprec.o)
 *(.eh_fram e*)

.glue_7         0x0800ec84        0x0
 .glue_7        0x0800ec84        0x0 linker stubs

.glue_7t        0x0800ec84        0x0
 .glue_7t       0x0800ec84        0x0 linker stubs

.vfp11_veneer   0x0800ec84        0x0
 .vfp11_veneer  0x0800ec84        0x0 linker stubs

.v4_bx          0x0800ec84        0x0
 .v4_bx         0x0800ec84        0x0 linker stubs

.iplt           0x0800ec84        0x0
 .iplt          0x0800ec84        0x0 ..\obj\stm32f30x_iwdg.o

.ARM.extab
 *(.ARM.extab* .gnu.linkonce.armextab.*)
                0x0800ec84                __exidx_start = .

.ARM.exidx      0x0800ec84        0x8
 *(.ARM.exidx* .gnu.linkonce.armexidx.*)
 .ARM.exidx     0x0800ec84        0x8 c:/program files (x86)/gnu tools arm embedded/5.3 2016q1/bin/../lib/gcc/arm-none-eabi/5.3.1/armv7e-m/fpu\libgcc.a(_udivmoddi4.o)
                0x0800ec8c                __exidx_end = .
                0x0800ec8c                __etext = .
                0x0800ec8c                _sidata = __etext

.rel.dyn        0x0800ec8c        0x0
 .rel.iplt      0x0800ec8c        0x0 ..\obj\stm32f30x_iwdg.o

.data           0x20000000      0xa24 load address 0x0800ec8c
                0x20000000                __data_start__ = .
                0x20000000                _sdata = __data_start__
 *(vtable)
 *(.data*)
 .data          0x20000000       0x2a ..\obj\stm32f30x_rcc.o
 *fill*         0x2000002a        0x2 
 .data          0x2000002c       0x14 ..\obj\system_stm32f30x.o
                0x2000002c                AHBPrescTable
                0x2000003c                SystemCoreClock
 .data          0x20000040       0x34 ..\obj\stm32303c_eval.o
                0x20000040                GPIO_PORT
                0x20000050                BUTTON_PORT
                0x20000068                COM_TX_PORT
                0x2000006c                COM_RX_PORT
                0x20000070                COM_USART
 .data          0x20000074       0x1a ..\obj\usb_desc.o
                0x20000074                Joystick_StringSerial
 *fill*         0x2000008e        0x2 
 .data          0x20000090       0xd6 ..\obj\usb_prop.o
                0x20000090                Device_Property
                0x200000c0                Device_Descriptor
                0x200000c8                Config_Descriptor
                0x200000d0                GamePad_Config_Descriptor
                0x200000d8                String_Descriptor
                0x200000f8                Joystick_Report_Descriptor
                0x20000100                GamePad_Report_Descriptor
                0x20000108                Mouse_Hid_Descriptor
                0x20000110                User_Standard_Requests
                0x20000134                GamePad_Device_Property
                0x20000164                Device_Table
 .data          0x20000166        0x1 ..\obj\usb_pwr.o
                0x20000166                fSuspendEnabled
 .data          0x20000167        0x1 ..\obj\main.o
                0x20000167                PrevXferComplete
 .data          0x20000168        0x4 ..\obj\port.o
 .data          0x2000016c        0x4 ..\obj\heap_2.o
 .data          0x20000170       0x38 ..\obj\usb_istr.o
                0x20000170                pEpInt_OUT
                0x2000018c                pEpInt_IN
 .data.__fdlib_version
                0x200001a8        0x1 ..\..\..\..\..\..\..\Program Files (x86)\GNU Tools ARM Embedded\5.3 2016q1\arm-none-eabi\lib\armv7e-m\fpu\libm.a(lib_a-s_lib_ver.o)
                0x200001a8                __fdlib_version
 *fill*         0x200001a9        0x7 
 .data.impure_data
                0x200001b0      0x428 ..\..\..\..\..\..\..\Program Files (x86)\GNU Tools ARM Embedded\5.3 2016q1\arm-none-eabi\lib\armv7e-m\fpu\libc.a(lib_a-impure.o)
 .data._impure_ptr
                0x200005d8        0x4 ..\..\..\..\..\..\..\Program Files (x86)\GNU Tools ARM Embedded\5.3 2016q1\arm-none-eabi\lib\armv7e-m\fpu\libc.a(lib_a-impure.o)
                0x200005d8                _impure_ptr
 .data.__malloc_av_
                0x200005dc      0x408 ..\..\..\..\..\..\..\Program Files (x86)\GNU Tools ARM Embedded\5.3 2016q1\arm-none-eabi\lib\armv7e-m\fpu\libc.a(lib_a-mallocr.o)
                0x200005dc                __malloc_av_
 .data.__malloc_trim_threshold
                0x200009e4        0x4 ..\..\..\..\..\..\..\Program Files (x86)\GNU Tools ARM Embedded\5.3 2016q1\arm-none-eabi\lib\armv7e-m\fpu\libc.a(lib_a-mallocr.o)
                0x200009e4                __malloc_trim_threshold
 .data.__malloc_sbrk_base
                0x200009e8        0x4 ..\..\..\..\..\..\..\Program Files (x86)\GNU Tools ARM Embedded\5.3 2016q1\arm-none-eabi\lib\armv7e-m\fpu\libc.a(lib_a-mallocr.o)
                0x200009e8                __malloc_sbrk_base
 .data.lconv    0x200009ec       0x38 ..\..\..\..\..\..\..\Program Files (x86)\GNU Tools ARM Embedded\5.3 2016q1\arm-none-eabi\lib\armv7e-m\fpu\libc.a(lib_a-locale.o)
                0x20000a24                . = ALIGN (0x4)
                [!provide]                PROVIDE (__preinit_array_start, .)
 *(.preinit_array)
                [!provide]                PROVIDE (__preinit_array_end, .)
                0x20000a24                . = ALIGN (0x4)
                [!provide]                PROVIDE (__init_array_start, .)
 *(SORT(.init_array.*))
 *(.init_array)
                [!provide]                PROVIDE (__init_array_end, .)
                0x20000a24                . = ALIGN (0x4)
                [!provide]                PROVIDE (__fini_array_start, .)
 *(SORT(.fini_array.*))
 *(.fini_array)
                [!provide]                PROVIDE (__fini_array_end, .)
 *(.jcr*)
                0x20000a24                . = ALIGN (0x4)
                0x20000a24                __data_end__ = .
                0x20000a24                _edata = __data_end__

.igot.plt       0x20000a24        0x0 load address 0x0800f6b0
 .igot.plt      0x20000a24        0x0 ..\obj\stm32f30x_iwdg.o

.bss            0x20000a24     0x4770 load address 0x0800f6b0
                0x20000a24                . = ALIGN (0x4)
                0x20000a24                __bss_start__ = .
                0x20000a24                _sbss = __bss_start__
 *(.bss*)
 .bss           0x20000a24        0x8 ..\obj\usb_core.o
                0x20000a24                Data_Mul_MaxPacketSize
                0x20000a28                DevRemoteWakeup
 .bss           0x20000a2c        0x2 ..\obj\calmanFilter.o
 *fill*         0x20000a2e        0x2 
 .bss           0x20000a30        0x8 ..\obj\usb_pwr.o
                0x20000a30                remotewakeupon
                0x20000a34                bDeviceState
 .bss           0x20000a38       0x3c ..\obj\timers.o
 .bss           0x20000a74      0x104 ..\obj\tasks.o
                0x20000af8                pxCurrentTCB
 .bss           0x20000b78        0x8 ..\obj\port.o
 .bss           0x20000b80        0x4 ..\obj\uart4.o
 .bss           0x20000b84     0x3c14 ..\obj\heap_2.o
 .bss           0x20004798        0xc ..\obj\usb_istr.o
                0x20004798                bIntPackSOF
                0x2000479c                esof_counter
                0x200047a0                wCNTR
 .bss.__malloc_max_total_mem
                0x200047a4        0x4 ..\..\..\..\..\..\..\Program Files (x86)\GNU Tools ARM Embedded\5.3 2016q1\arm-none-eabi\lib\armv7e-m\fpu\libc.a(lib_a-mallocr.o)
                0x200047a4                __malloc_max_total_mem
 .bss.__malloc_max_sbrked_mem
                0x200047a8        0x4 ..\..\..\..\..\..\..\Program Files (x86)\GNU Tools ARM Embedded\5.3 2016q1\arm-none-eabi\lib\armv7e-m\fpu\libc.a(lib_a-mallocr.o)
                0x200047a8                __malloc_max_sbrked_mem
 .bss.__malloc_top_pad
                0x200047ac        0x4 ..\..\..\..\..\..\..\Program Files (x86)\GNU Tools ARM Embedded\5.3 2016q1\arm-none-eabi\lib\armv7e-m\fpu\libc.a(lib_a-mallocr.o)
                0x200047ac                __malloc_top_pad
 .bss.__malloc_current_mallinfo
                0x200047b0       0x28 ..\..\..\..\..\..\..\Program Files (x86)\GNU Tools ARM Embedded\5.3 2016q1\arm-none-eabi\lib\armv7e-m\fpu\libc.a(lib_a-mallocr.o)
                0x200047b0                __malloc_current_mallinfo
 .bss.heap_end.4169
                0x200047d8        0x4 ..\..\..\..\..\..\..\Program Files (x86)\GNU Tools ARM Embedded\5.3 2016q1\arm-none-eabi\lib\armv7e-m\fpu\libnosys.a(sbrk.o)
 *(COMMON)
 COMMON         0x200047dc        0x2 ..\obj\usb_core.o
                0x200047dc                StatusInfo
 *fill*         0x200047de        0x2 
 COMMON         0x200047e0       0x79 ..\obj\lsm303dlhc.o
                0x200047e0                I2C_numberAxie
                0x200047e4                lsm303dlhc_typedef
                0x20004834                I2C_flag_adres
                0x20004835                I2C_data
                0x20004836                I2C_adres
                0x20004838                LSM303DLHC
                0x2000483c                I2C_stopFlag
                0x2000483d                I2C_flag_data
                0x2000483e                I2C_startReceiveFlag
                0x20004840                LSM303DLHC_Result
                0x20004844                I2C_startTransmitFlag
                0x20004845                I2C_sendDataFlag
                0x20004848                lsm303dlhc_Result_TypeDef
                0x20004858                I2C_numberLed
 *fill*         0x20004859        0x3 
 COMMON         0x2000485c      0x830 ..\obj\spi.o
                0x2000485c                DMA_dataCounter
                0x20004860                ESP32_ResultBuf
                0x20004880                ResultToUART4
                0x20004884                l3gd20_typedef
                0x200048a4                L3GD20
                0x200048a8                L3GD20_Result
                0x200048ac                ADC_ResultBuf
                0x2000507c                l3gd20_Result_TypeDef
 COMMON         0x2000508c        0x4 ..\obj\usb_int.o
                0x2000508c                SaveRState
                0x2000508e                SaveTState
 COMMON         0x20005090        0x4 ..\obj\usb_prop.o
                0x20005090                ProtocolValue
 COMMON         0x20005094       0x24 ..\obj\usb_pwr.o
                0x20005094                ResumeS
                0x20005098                EP
 COMMON         0x200050b8       0x32 ..\obj\usb_init.o
                0x200050b8                SaveState
                0x200050bc                pProperty
                0x200050c0                EPindex
                0x200050c4                Device_Info
                0x200050e0                pUser_Standard_Requests
                0x200050e4                pInformation
                0x200050e8                wInterrupt_Mask
 *fill*         0x200050ea        0x2 
 COMMON         0x200050ec       0x60 ..\obj\main.o
                0x200050ec                UART_Sender_Task_Handle
                0x200050f0                RTOS_tim_1
                0x200050f4                LSM303DLHC_Result_Queue
                0x200050f8                I2C_DMA_Semaphore
                0x200050fc                L3GD20_Task_Handle
                0x20005100                Button_Semaphore
                0x20005104                usb_device_readed
                0x20005108                usb_device
                0x2000510c                LCD1602_Angles_Queue
                0x20005110                SettingsSet_Semaphore
                0x20005114                SPI_Semaphore
                0x20005118                NumberAxie_Queue
                0x2000511c                RTOS_tim_startMeasurement
                0x20005120                Result_Task_Handle
                0x20005124                ADCResult_Task_Handle
                0x20005128                ButtonScan_Task_Handle
                0x2000512c                DMA_ADC_IT_TC_Semaphore
                0x20005130                CalmanFilter_ResultAnglesToL3GD20_Queue
                0x20005134                L3GD20_Result_Queue
                0x20005138                L3GD20_Start_Semaphore
                0x2000513c                UART_Start_Semaphore
                0x20005140                SPI_DMA_Semaphore
                0x20005144                LSM303DLHC_Task_Handle
                0x20005148                LSM303DLHC_Start_Semaphore
 COMMON         0x2000514c       0x40 ..\obj\queue.o
                0x2000514c                xQueueRegistry
 COMMON         0x2000518c        0x2 ..\obj\usb_istr.o
                0x2000518c                wIstr
 *fill*         0x2000518e        0x2 
 COMMON         0x20005190        0x4 ..\..\..\..\..\..\..\Program Files (x86)\GNU Tools ARM Embedded\5.3 2016q1\arm-none-eabi\lib\armv7e-m\fpu\libc.a(lib_a-reent.o)
                0x20005190                errno
                0x20005194                . = ALIGN (0x4)
                0x20005194                __bss_end__ = .
                0x20005194                _ebss = __bss_end__

.heap           0x20005194        0x0
                0x20005194                __end__ = .
                0x20005194                _end = __end__
                0x20005194                end = __end__
 *(.heap*)
                0x20005194                __HeapLimit = .

.co_stack       0x20005194        0x4 load address 0x08013e20
                0x20005198                . = ALIGN (0x8)
 *fill*         0x20005194        0x4 
 *(.co_stack .co_stack.*)
                0x2000a000                __StackTop = (ORIGIN (ram) + LENGTH (ram))
                0x20009ffc                __StackLimit = (__StackTop - SIZEOF (.co_stack))
                [!provide]                PROVIDE (__stack, __StackTop)
                0x00000001                ASSERT ((__StackLimit >= __HeapLimit), region ram  overflowed with stack)
LOAD ..\obj\stm32f30x_iwdg.o
LOAD ..\obj\usb_core.o
LOAD ..\obj\wwatchdog.o
LOAD ..\obj\lsm303dlhc.o
LOAD ..\obj\spi.o
LOAD ..\obj\i2c.o
LOAD ..\obj\stm32f30x_rcc.o
LOAD ..\obj\stm32f30x_flash.o
LOAD ..\obj\speex_callbacks.o
LOAD ..\obj\flash.o
LOAD ..\obj\lsp_tables_nb.o
LOAD ..\obj\system_stm32f30x.o
LOAD ..\obj\stm32f30x_adc.o
LOAD ..\obj\speex.o
LOAD ..\obj\usb_int.o
LOAD ..\obj\stm32303c_eval.o
LOAD ..\obj\calmanFilter.o
LOAD ..\obj\quant_lsp.o
LOAD ..\obj\usb_desc.o
LOAD ..\obj\usb_regs.o
LOAD ..\obj\hw_config.o
LOAD ..\obj\filters.o
LOAD ..\obj\usb_prop.o
LOAD ..\obj\stm32f30x_gpio.o
LOAD ..\obj\usb_pwr.o
LOAD ..\obj\bits.o
LOAD ..\obj\usb_init.o
LOAD ..\obj\main.o
LOAD ..\obj\stm32f30x_dma.o
LOAD ..\obj\GPIO.o
LOAD ..\obj\timers.o
LOAD ..\obj\sensor.o
LOAD ..\obj\programTimer.o
LOAD ..\obj\lpc.o
LOAD ..\obj\l3gd20.o
LOAD ..\obj\tasks.o
LOAD ..\obj\stm32f30x_exti.o
LOAD ..\obj\stm32f30x_spi.o
LOAD ..\obj\stm32f30x_i2c.o
LOAD ..\obj\vq.o
LOAD ..\obj\cb_search.o
LOAD ..\obj\window.o
LOAD ..\obj\usb_sil.o
LOAD ..\obj\lsp.o
LOAD ..\obj\system_stm32f30x_temp.o
LOAD ..\obj\list.o
LOAD ..\obj\stm32f30x_misc.o
LOAD ..\obj\stm32f30x_tim.o
LOAD ..\obj\adc.o
LOAD ..\obj\port.o
LOAD ..\obj\queue.o
LOAD ..\obj\stm32_it.o
LOAD ..\obj\nb_celp.o
LOAD ..\obj\lcd1602.o
LOAD ..\obj\clocking.o
LOAD ..\obj\usb_endp.o
LOAD ..\obj\startup_stm32f30x.o
LOAD ..\obj\stream_buffer.o
LOAD ..\obj\croutine.o
LOAD ..\obj\uart4.o
LOAD ..\obj\modes.o
LOAD ..\obj\stm32f30x_syscfg.o
LOAD ..\obj\tim6.o
LOAD ..\obj\iwatchdog.o
LOAD ..\obj\event_groups.o
LOAD ..\obj\ltp.o
LOAD ..\obj\stm32f30x_pwr.o
LOAD ..\obj\stm32f30x_wwdg.o
LOAD ..\obj\vbr.o
LOAD ..\obj\gain_table_lbr.o
LOAD ..\obj\speexx.o
LOAD ..\obj\usb_mem.o
LOAD ..\obj\dma.o
LOAD ..\obj\heap_2.o
LOAD ..\obj\exc_10_32_table.o
LOAD ..\obj\usb_istr.o
LOAD ..\obj\stm32f30x_usart.o
LOAD ..\obj\usart.o
LOAD ..\..\..\..\..\..\..\Program Files (x86)\GNU Tools ARM Embedded\5.3 2016q1\arm-none-eabi\lib\armv7e-m\fpu\libm.a
LOAD ..\..\..\..\..\..\..\Program Files (x86)\GNU Tools ARM Embedded\5.3 2016q1\arm-none-eabi\lib\armv7e-m\fpu\libc.a
LOAD ..\..\..\..\..\..\..\Program Files (x86)\GNU Tools ARM Embedded\5.3 2016q1\arm-none-eabi\lib\armv7e-m\fpu\libg.a
LOAD ..\..\..\..\..\..\..\Program Files (x86)\GNU Tools ARM Embedded\5.3 2016q1\arm-none-eabi\lib\armv7e-m\fpu\libnosys.a
START GROUP
LOAD c:/program files (x86)/gnu tools arm embedded/5.3 2016q1/bin/../lib/gcc/arm-none-eabi/5.3.1/armv7e-m/fpu\libgcc.a
LOAD ..\..\..\..\..\..\..\Program Files (x86)\GNU Tools ARM Embedded\5.3 2016q1\arm-none-eabi\lib\armv7e-m\fpu\libg.a
LOAD ..\..\..\..\..\..\..\Program Files (x86)\GNU Tools ARM Embedded\5.3 2016q1\arm-none-eabi\lib\armv7e-m\fpu\libc.a
END GROUP
OUTPUT(MyJoystick.elf elf32-littlearm)

.debug_info     0x00000000    0x28c47
 .debug_info    0x00000000      0x23e ..\obj\stm32f30x_iwdg.o
 .debug_info    0x0000023e      0xf3d ..\obj\usb_core.o
 .debug_info    0x0000117b      0xb5b ..\obj\lsm303dlhc.o
 .debug_info    0x00001cd6     0x11bd ..\obj\spi.o
 .debug_info    0x00002e93     0x19c9 ..\obj\i2c.o
 .debug_info    0x0000485c      0xb78 ..\obj\stm32f30x_rcc.o
 .debug_info    0x000053d4     0x18f7 ..\obj\stm32f30x_flash.o
 .debug_info    0x00006ccb      0x1be ..\obj\flash.o
 .debug_info    0x00006e89      0x4e0 ..\obj\system_stm32f30x.o
 .debug_info    0x00007369     0x138e ..\obj\stm32f30x_adc.o
 .debug_info    0x000086f7      0x1fe ..\obj\usb_int.o
 .debug_info    0x000088f5     0x184f ..\obj\stm32303c_eval.o
 .debug_info    0x0000a144      0x7ef ..\obj\calmanFilter.o
 .debug_info    0x0000a933      0x1ee ..\obj\usb_desc.o
 .debug_info    0x0000ab21      0xbd7 ..\obj\usb_regs.o
 .debug_info    0x0000b6f8      0xe3e ..\obj\hw_config.o
 .debug_info    0x0000c536      0xce5 ..\obj\usb_prop.o
 .debug_info    0x0000d21b      0x752 ..\obj\stm32f30x_gpio.o
 .debug_info    0x0000d96d      0x3e0 ..\obj\usb_pwr.o
 .debug_info    0x0000dd4d      0x49a ..\obj\usb_init.o
 .debug_info    0x0000e1e7     0x16d9 ..\obj\main.o
 .debug_info    0x0000f8c0      0x426 ..\obj\stm32f30x_dma.o
 .debug_info    0x0000fce6      0x91f ..\obj\GPIO.o
 .debug_info    0x00010605     0x152f ..\obj\timers.o
 .debug_info    0x00011b34      0x32a ..\obj\programTimer.o
 .debug_info    0x00011e5e      0xc10 ..\obj\l3gd20.o
 .debug_info    0x00012a6e     0x362a ..\obj\tasks.o
 .debug_info    0x00016098      0x3b6 ..\obj\stm32f30x_exti.o
 .debug_info    0x0001644e      0xc48 ..\obj\stm32f30x_spi.o
 .debug_info    0x00017096      0xbf1 ..\obj\stm32f30x_i2c.o
 .debug_info    0x00017c87      0x254 ..\obj\usb_sil.o
 .debug_info    0x00017edb      0x2d1 ..\obj\list.o
 .debug_info    0x000181ac      0x55c ..\obj\stm32f30x_misc.o
 .debug_info    0x00018708     0x290b ..\obj\stm32f30x_tim.o
 .debug_info    0x0001b013      0xc70 ..\obj\adc.o
 .debug_info    0x0001bc83      0x58e ..\obj\port.o
 .debug_info    0x0001c211     0x2a24 ..\obj\queue.o
 .debug_info    0x0001ec35      0x3b7 ..\obj\stm32_it.o
 .debug_info    0x0001efec     0x4f32 ..\obj\lcd1602.o
 .debug_info    0x00023f1e      0x351 ..\obj\clocking.o
 .debug_info    0x0002426f       0xcd ..\obj\usb_endp.o
 .debug_info    0x0002433c       0xc6 ..\obj\startup_stm32f30x.o
 .debug_info    0x00024402      0x9ae ..\obj\uart4.o
 .debug_info    0x00024db0      0x33d ..\obj\stm32f30x_syscfg.o
 .debug_info    0x000250ed      0xa99 ..\obj\tim6.o
 .debug_info    0x00025b86      0x1fe ..\obj\iwatchdog.o
 .debug_info    0x00025d84      0x1e0 ..\obj\usb_mem.o
 .debug_info    0x00025f64     0x15a2 ..\obj\dma.o
 .debug_info    0x00027506      0x391 ..\obj\heap_2.o
 .debug_info    0x00027897      0x3c9 ..\obj\usb_istr.o
 .debug_info    0x00027c60      0xfe7 ..\obj\stm32f30x_usart.o

.debug_abbrev   0x00000000     0x623f
 .debug_abbrev  0x00000000      0x121 ..\obj\stm32f30x_iwdg.o
 .debug_abbrev  0x00000121      0x3ee ..\obj\usb_core.o
 .debug_abbrev  0x0000050f      0x2e9 ..\obj\lsm303dlhc.o
 .debug_abbrev  0x000007f8      0x272 ..\obj\spi.o
 .debug_abbrev  0x00000a6a      0x2df ..\obj\i2c.o
 .debug_abbrev  0x00000d49      0x297 ..\obj\stm32f30x_rcc.o
 .debug_abbrev  0x00000fe0      0x25c ..\obj\stm32f30x_flash.o
 .debug_abbrev  0x0000123c       0xfa ..\obj\flash.o
 .debug_abbrev  0x00001336      0x15f ..\obj\system_stm32f30x.o
 .debug_abbrev  0x00001495      0x1de ..\obj\stm32f30x_adc.o
 .debug_abbrev  0x00001673       0xf9 ..\obj\usb_int.o
 .debug_abbrev  0x0000176c      0x21f ..\obj\stm32303c_eval.o
 .debug_abbrev  0x0000198b      0x1c1 ..\obj\calmanFilter.o
 .debug_abbrev  0x00001b4c       0x84 ..\obj\usb_desc.o
 .debug_abbrev  0x00001bd0      0x224 ..\obj\usb_regs.o
 .debug_abbrev  0x00001df4      0x316 ..\obj\hw_config.o
 .debug_abbrev  0x0000210a      0x295 ..\obj\usb_prop.o
 .debug_abbrev  0x0000239f      0x1e4 ..\obj\stm32f30x_gpio.o
 .debug_abbrev  0x00002583      0x229 ..\obj\usb_pwr.o
 .debug_abbrev  0x000027ac      0x12c ..\obj\usb_init.o
 .debug_abbrev  0x000028d8      0x39b ..\obj\main.o
 .debug_abbrev  0x00002c73      0x1c6 ..\obj\stm32f30x_dma.o
 .debug_abbrev  0x00002e39      0x1d7 ..\obj\GPIO.o
 .debug_abbrev  0x00003010      0x34f ..\obj\timers.o
 .debug_abbrev  0x0000335f      0x126 ..\obj\programTimer.o
 .debug_abbrev  0x00003485      0x1f1 ..\obj\l3gd20.o
 .debug_abbrev  0x00003676      0x3f9 ..\obj\tasks.o
 .debug_abbrev  0x00003a6f      0x1ae ..\obj\stm32f30x_exti.o
 .debug_abbrev  0x00003c1d      0x1d7 ..\obj\stm32f30x_spi.o
 .debug_abbrev  0x00003df4      0x210 ..\obj\stm32f30x_i2c.o
 .debug_abbrev  0x00004004      0x101 ..\obj\usb_sil.o
 .debug_abbrev  0x00004105       0xf4 ..\obj\list.o
 .debug_abbrev  0x000041f9      0x156 ..\obj\stm32f30x_misc.o
 .debug_abbrev  0x0000434f      0x277 ..\obj\stm32f30x_tim.o
 .debug_abbrev  0x000045c6      0x213 ..\obj\adc.o
 .debug_abbrev  0x000047d9      0x238 ..\obj\port.o
 .debug_abbrev  0x00004a11      0x390 ..\obj\queue.o
 .debug_abbrev  0x00004da1      0x1d2 ..\obj\stm32_it.o
 .debug_abbrev  0x00004f73      0x2a5 ..\obj\lcd1602.o
 .debug_abbrev  0x00005218      0x107 ..\obj\clocking.o
 .debug_abbrev  0x0000531f       0x76 ..\obj\usb_endp.o
 .debug_abbrev  0x00005395       0x12 ..\obj\startup_stm32f30x.o
 .debug_abbrev  0x000053a7      0x23b ..\obj\uart4.o
 .debug_abbrev  0x000055e2      0x1d6 ..\obj\stm32f30x_syscfg.o
 .debug_abbrev  0x000057b8      0x183 ..\obj\tim6.o
 .debug_abbrev  0x0000593b       0xee ..\obj\iwatchdog.o
 .debug_abbrev  0x00005a29       0x9d ..\obj\usb_mem.o
 .debug_abbrev  0x00005ac6      0x25e ..\obj\dma.o
 .debug_abbrev  0x00005d24      0x1f5 ..\obj\heap_2.o
 .debug_abbrev  0x00005f19      0x15e ..\obj\usb_istr.o
 .debug_abbrev  0x00006077      0x1c8 ..\obj\stm32f30x_usart.o

.debug_loc      0x00000000    0x14153
 .debug_loc     0x00000000       0x62 ..\obj\stm32f30x_iwdg.o
 .debug_loc     0x00000062      0xae3 ..\obj\usb_core.o
 .debug_loc     0x00000b45      0x34d ..\obj\lsm303dlhc.o
 .debug_loc     0x00000e92       0x76 ..\obj\spi.o
 .debug_loc     0x00000f08      0x444 ..\obj\i2c.o
 .debug_loc     0x0000134c      0xbbb ..\obj\stm32f30x_rcc.o
 .debug_loc     0x00001f07     0x2c30 ..\obj\stm32f30x_flash.o
 .debug_loc     0x00004b37       0xb6 ..\obj\flash.o
 .debug_loc     0x00004bed      0x109 ..\obj\system_stm32f30x.o
 .debug_loc     0x00004cf6      0xdd4 ..\obj\stm32f30x_adc.o
 .debug_loc     0x00005aca       0x92 ..\obj\usb_int.o
 .debug_loc     0x00005b5c      0x101 ..\obj\stm32303c_eval.o
 .debug_loc     0x00005c5d      0x34d ..\obj\calmanFilter.o
 .debug_loc     0x00005faa      0xa58 ..\obj\usb_regs.o
 .debug_loc     0x00006a02      0x2e2 ..\obj\hw_config.o
 .debug_loc     0x00006ce4      0x2e0 ..\obj\usb_prop.o
 .debug_loc     0x00006fc4      0x351 ..\obj\stm32f30x_gpio.o
 .debug_loc     0x00007315      0x1b1 ..\obj\usb_pwr.o
 .debug_loc     0x000074c6       0x2c ..\obj\usb_init.o
 .debug_loc     0x000074f2      0x339 ..\obj\main.o
 .debug_loc     0x0000782b       0xfe ..\obj\stm32f30x_dma.o
 .debug_loc     0x00007929      0xcfd ..\obj\timers.o
 .debug_loc     0x00008626       0x4d ..\obj\programTimer.o
 .debug_loc     0x00008673      0x6a2 ..\obj\l3gd20.o
 .debug_loc     0x00008d15     0x37bd ..\obj\tasks.o
 .debug_loc     0x0000c4d2      0x28e ..\obj\stm32f30x_exti.o
 .debug_loc     0x0000c760      0x70b ..\obj\stm32f30x_spi.o
 .debug_loc     0x0000ce6b      0x5ab ..\obj\stm32f30x_i2c.o
 .debug_loc     0x0000d416       0xcf ..\obj\usb_sil.o
 .debug_loc     0x0000d4e5       0x69 ..\obj\list.o
 .debug_loc     0x0000d54e      0x185 ..\obj\stm32f30x_misc.o
 .debug_loc     0x0000d6d3     0x25d8 ..\obj\stm32f30x_tim.o
 .debug_loc     0x0000fcab       0x40 ..\obj\adc.o
 .debug_loc     0x0000fceb       0xd5 ..\obj\port.o
 .debug_loc     0x0000fdc0     0x203d ..\obj\queue.o
 .debug_loc     0x00011dfd     0x1257 ..\obj\lcd1602.o
 .debug_loc     0x00013054       0x21 ..\obj\uart4.o
 .debug_loc     0x00013075      0x1af ..\obj\stm32f30x_syscfg.o
 .debug_loc     0x00013224      0x28e ..\obj\usb_mem.o
 .debug_loc     0x000134b2      0x25d ..\obj\heap_2.o
 .debug_loc     0x0001370f       0xf8 ..\obj\usb_istr.o
 .debug_loc     0x00013807      0x94c ..\obj\stm32f30x_usart.o

.debug_aranges  0x00000000     0x1ca8
 .debug_aranges
                0x00000000       0x50 ..\obj\stm32f30x_iwdg.o
 .debug_aranges
                0x00000050       0x98 ..\obj\usb_core.o
 .debug_aranges
                0x000000e8       0x58 ..\obj\lsm303dlhc.o
 .debug_aranges
                0x00000140       0x58 ..\obj\spi.o
 .debug_aranges
                0x00000198       0xa0 ..\obj\i2c.o
 .debug_aranges
                0x00000238      0x150 ..\obj\stm32f30x_rcc.o
 .debug_aranges
                0x00000388      0x100 ..\obj\stm32f30x_flash.o
 .debug_aranges
                0x00000488       0x30 ..\obj\flash.o
 .debug_aranges
                0x000004b8       0x28 ..\obj\system_stm32f30x.o
 .debug_aranges
                0x000004e0      0x210 ..\obj\stm32f30x_adc.o
 .debug_aranges
                0x000006f0       0x28 ..\obj\usb_int.o
 .debug_aranges
                0x00000718       0x90 ..\obj\stm32303c_eval.o
 .debug_aranges
                0x000007a8       0x30 ..\obj\calmanFilter.o
 .debug_aranges
                0x000007d8       0x18 ..\obj\usb_desc.o
 .debug_aranges
                0x000007f0      0x1a0 ..\obj\usb_regs.o
 .debug_aranges
                0x00000990       0x68 ..\obj\hw_config.o
 .debug_aranges
                0x000009f8       0xa8 ..\obj\usb_prop.o
 .debug_aranges
                0x00000aa0       0x80 ..\obj\stm32f30x_gpio.o
 .debug_aranges
                0x00000b20       0x40 ..\obj\usb_pwr.o
 .debug_aranges
                0x00000b60       0x20 ..\obj\usb_init.o
 .debug_aranges
                0x00000b80       0x78 ..\obj\main.o
 .debug_aranges
                0x00000bf8       0x60 ..\obj\stm32f30x_dma.o
 .debug_aranges
                0x00000c58       0x40 ..\obj\GPIO.o
 .debug_aranges
                0x00000c98       0x90 ..\obj\timers.o
 .debug_aranges
                0x00000d28       0x28 ..\obj\programTimer.o
 .debug_aranges
                0x00000d50       0x40 ..\obj\l3gd20.o
 .debug_aranges
                0x00000d90      0x1a8 ..\obj\tasks.o
 .debug_aranges
                0x00000f38       0x50 ..\obj\stm32f30x_exti.o
 .debug_aranges
                0x00000f88      0x118 ..\obj\stm32f30x_spi.o
 .debug_aranges
                0x000010a0      0x158 ..\obj\stm32f30x_i2c.o
 .debug_aranges
                0x000011f8       0x30 ..\obj\usb_sil.o
 .debug_aranges
                0x00001228       0x40 ..\obj\list.o
 .debug_aranges
                0x00001268       0x40 ..\obj\stm32f30x_misc.o
 .debug_aranges
                0x000012a8      0x378 ..\obj\stm32f30x_tim.o
 .debug_aranges
                0x00001620       0x30 ..\obj\adc.o
 .debug_aranges
                0x00001650       0x80 ..\obj\port.o
 .debug_aranges
                0x000016d0      0x108 ..\obj\queue.o
 .debug_aranges
                0x000017d8       0x58 ..\obj\stm32_it.o
 .debug_aranges
                0x00001830       0x50 ..\obj\lcd1602.o
 .debug_aranges
                0x00001880       0x20 ..\obj\clocking.o
 .debug_aranges
                0x000018a0       0x20 ..\obj\usb_endp.o
 .debug_aranges
                0x000018c0       0x28 ..\obj\startup_stm32f30x.o
 .debug_aranges
                0x000018e8       0x38 ..\obj\uart4.o
 .debug_aranges
                0x00001920       0x68 ..\obj\stm32f30x_syscfg.o
 .debug_aranges
                0x00001988       0x30 ..\obj\tim6.o
 .debug_aranges
                0x000019b8       0x28 ..\obj\iwatchdog.o
 .debug_aranges
                0x000019e0       0x28 ..\obj\usb_mem.o
 .debug_aranges
                0x00001a08       0xa8 ..\obj\dma.o
 .debug_aranges
                0x00001ab0       0x38 ..\obj\heap_2.o
 .debug_aranges
                0x00001ae8       0x20 ..\obj\usb_istr.o
 .debug_aranges
                0x00001b08      0x1a0 ..\obj\stm32f30x_usart.o

.debug_ranges   0x00000000     0x3e00
 .debug_ranges  0x00000000       0x40 ..\obj\stm32f30x_iwdg.o
 .debug_ranges  0x00000040      0x1f8 ..\obj\usb_core.o
 .debug_ranges  0x00000238       0x80 ..\obj\lsm303dlhc.o
 .debug_ranges  0x000002b8       0x98 ..\obj\spi.o
 .debug_ranges  0x00000350       0xa8 ..\obj\i2c.o
 .debug_ranges  0x000003f8      0x160 ..\obj\stm32f30x_rcc.o
 .debug_ranges  0x00000558      0xe58 ..\obj\stm32f30x_flash.o
 .debug_ranges  0x000013b0       0x20 ..\obj\flash.o
 .debug_ranges  0x000013d0       0x30 ..\obj\system_stm32f30x.o
 .debug_ranges  0x00001400      0x200 ..\obj\stm32f30x_adc.o
 .debug_ranges  0x00001600       0x30 ..\obj\usb_int.o
 .debug_ranges  0x00001630       0x80 ..\obj\stm32303c_eval.o
 .debug_ranges  0x000016b0       0x68 ..\obj\calmanFilter.o
 .debug_ranges  0x00001718      0x370 ..\obj\usb_regs.o
 .debug_ranges  0x00001a88       0xa8 ..\obj\hw_config.o
 .debug_ranges  0x00001b30       0x98 ..\obj\usb_prop.o
 .debug_ranges  0x00001bc8       0x70 ..\obj\stm32f30x_gpio.o
 .debug_ranges  0x00001c38       0x68 ..\obj\usb_pwr.o
 .debug_ranges  0x00001ca0       0x10 ..\obj\usb_init.o
 .debug_ranges  0x00001cb0      0x140 ..\obj\main.o
 .debug_ranges  0x00001df0       0x50 ..\obj\stm32f30x_dma.o
 .debug_ranges  0x00001e40       0x30 ..\obj\GPIO.o
 .debug_ranges  0x00001e70      0x228 ..\obj\timers.o
 .debug_ranges  0x00002098       0x18 ..\obj\programTimer.o
 .debug_ranges  0x000020b0       0x30 ..\obj\l3gd20.o
 .debug_ranges  0x000020e0      0x828 ..\obj\tasks.o
 .debug_ranges  0x00002908       0x40 ..\obj\stm32f30x_exti.o
 .debug_ranges  0x00002948      0x108 ..\obj\stm32f30x_spi.o
 .debug_ranges  0x00002a50      0x148 ..\obj\stm32f30x_i2c.o
 .debug_ranges  0x00002b98       0x20 ..\obj\usb_sil.o
 .debug_ranges  0x00002bb8       0x30 ..\obj\list.o
 .debug_ranges  0x00002be8       0x30 ..\obj\stm32f30x_misc.o
 .debug_ranges  0x00002c18      0x3e0 ..\obj\stm32f30x_tim.o
 .debug_ranges  0x00002ff8       0x50 ..\obj\adc.o
 .debug_ranges  0x00003048       0xa8 ..\obj\port.o
 .debug_ranges  0x000030f0      0x310 ..\obj\queue.o
 .debug_ranges  0x00003400       0x48 ..\obj\stm32_it.o
 .debug_ranges  0x00003448      0x5d8 ..\obj\lcd1602.o
 .debug_ranges  0x00003a20       0x10 ..\obj\clocking.o
 .debug_ranges  0x00003a30       0x10 ..\obj\usb_endp.o
 .debug_ranges  0x00003a40       0x20 ..\obj\startup_stm32f30x.o
 .debug_ranges  0x00003a60       0x48 ..\obj\uart4.o
 .debug_ranges  0x00003aa8       0x58 ..\obj\stm32f30x_syscfg.o
 .debug_ranges  0x00003b00       0x20 ..\obj\tim6.o
 .debug_ranges  0x00003b20       0x18 ..\obj\iwatchdog.o
 .debug_ranges  0x00003b38       0x18 ..\obj\usb_mem.o
 .debug_ranges  0x00003b50       0x98 ..\obj\dma.o